Archive member included to satisfy reference by file (symbol)

/opt/st/stm32cubeide_1.17.0/plugins/com.st.stm32cube.ide.mcu.externaltools.gnu-tools-for-stm32.12.3.rel1.linux64_1.1.0.202410170702/tools/bin/../lib/gcc/arm-none-eabi/12.3.1/../../../../arm-none-eabi/lib/thumb/v7e-m+fp/hard/libc_nano.a(libc_a-exit.o)
                              /opt/st/stm32cubeide_1.17.0/plugins/com.st.stm32cube.ide.mcu.externaltools.gnu-tools-for-stm32.12.3.rel1.linux64_1.1.0.202410170702/tools/bin/../lib/gcc/arm-none-eabi/12.3.1/../../../../arm-none-eabi/lib/thumb/v7e-m+fp/hard/crt0.o (exit)
/opt/st/stm32cubeide_1.17.0/plugins/com.st.stm32cube.ide.mcu.externaltools.gnu-tools-for-stm32.12.3.rel1.linux64_1.1.0.202410170702/tools/bin/../lib/gcc/arm-none-eabi/12.3.1/../../../../arm-none-eabi/lib/thumb/v7e-m+fp/hard/libc_nano.a(libc_a-findfp.o)
                              ./Middlewares/Third_Party/FreeRTOS/Source/tasks.o (__sf)
/opt/st/stm32cubeide_1.17.0/plugins/com.st.stm32cube.ide.mcu.externaltools.gnu-tools-for-stm32.12.3.rel1.linux64_1.1.0.202410170702/tools/bin/../lib/gcc/arm-none-eabi/12.3.1/../../../../arm-none-eabi/lib/thumb/v7e-m+fp/hard/libc_nano.a(libc_a-fwalk.o)
                              /opt/st/stm32cubeide_1.17.0/plugins/com.st.stm32cube.ide.mcu.externaltools.gnu-tools-for-stm32.12.3.rel1.linux64_1.1.0.202410170702/tools/bin/../lib/gcc/arm-none-eabi/12.3.1/../../../../arm-none-eabi/lib/thumb/v7e-m+fp/hard/libc_nano.a(libc_a-findfp.o) (_fwalk_sglue)
/opt/st/stm32cubeide_1.17.0/plugins/com.st.stm32cube.ide.mcu.externaltools.gnu-tools-for-stm32.12.3.rel1.linux64_1.1.0.202410170702/tools/bin/../lib/gcc/arm-none-eabi/12.3.1/../../../../arm-none-eabi/lib/thumb/v7e-m+fp/hard/libc_nano.a(libc_a-stdio.o)
                              /opt/st/stm32cubeide_1.17.0/plugins/com.st.stm32cube.ide.mcu.externaltools.gnu-tools-for-stm32.12.3.rel1.linux64_1.1.0.202410170702/tools/bin/../lib/gcc/arm-none-eabi/12.3.1/../../../../arm-none-eabi/lib/thumb/v7e-m+fp/hard/libc_nano.a(libc_a-findfp.o) (__sread)
/opt/st/stm32cubeide_1.17.0/plugins/com.st.stm32cube.ide.mcu.externaltools.gnu-tools-for-stm32.12.3.rel1.linux64_1.1.0.202410170702/tools/bin/../lib/gcc/arm-none-eabi/12.3.1/../../../../arm-none-eabi/lib/thumb/v7e-m+fp/hard/libc_nano.a(libc_a-memset.o)
                              /opt/st/stm32cubeide_1.17.0/plugins/com.st.stm32cube.ide.mcu.externaltools.gnu-tools-for-stm32.12.3.rel1.linux64_1.1.0.202410170702/tools/bin/../lib/gcc/arm-none-eabi/12.3.1/../../../../arm-none-eabi/lib/thumb/v7e-m+fp/hard/crt0.o (memset)
/opt/st/stm32cubeide_1.17.0/plugins/com.st.stm32cube.ide.mcu.externaltools.gnu-tools-for-stm32.12.3.rel1.linux64_1.1.0.202410170702/tools/bin/../lib/gcc/arm-none-eabi/12.3.1/../../../../arm-none-eabi/lib/thumb/v7e-m+fp/hard/libc_nano.a(libc_a-closer.o)
                              /opt/st/stm32cubeide_1.17.0/plugins/com.st.stm32cube.ide.mcu.externaltools.gnu-tools-for-stm32.12.3.rel1.linux64_1.1.0.202410170702/tools/bin/../lib/gcc/arm-none-eabi/12.3.1/../../../../arm-none-eabi/lib/thumb/v7e-m+fp/hard/libc_nano.a(libc_a-stdio.o) (_close_r)
/opt/st/stm32cubeide_1.17.0/plugins/com.st.stm32cube.ide.mcu.externaltools.gnu-tools-for-stm32.12.3.rel1.linux64_1.1.0.202410170702/tools/bin/../lib/gcc/arm-none-eabi/12.3.1/../../../../arm-none-eabi/lib/thumb/v7e-m+fp/hard/libc_nano.a(libc_a-reent.o)
                              ./Middlewares/Third_Party/FreeRTOS/Source/tasks.o (_reclaim_reent)
/opt/st/stm32cubeide_1.17.0/plugins/com.st.stm32cube.ide.mcu.externaltools.gnu-tools-for-stm32.12.3.rel1.linux64_1.1.0.202410170702/tools/bin/../lib/gcc/arm-none-eabi/12.3.1/../../../../arm-none-eabi/lib/thumb/v7e-m+fp/hard/libc_nano.a(libc_a-impure.o)
                              ./Middlewares/Third_Party/FreeRTOS/Source/tasks.o (_impure_ptr)
/opt/st/stm32cubeide_1.17.0/plugins/com.st.stm32cube.ide.mcu.externaltools.gnu-tools-for-stm32.12.3.rel1.linux64_1.1.0.202410170702/tools/bin/../lib/gcc/arm-none-eabi/12.3.1/../../../../arm-none-eabi/lib/thumb/v7e-m+fp/hard/libc_nano.a(libc_a-lseekr.o)
                              /opt/st/stm32cubeide_1.17.0/plugins/com.st.stm32cube.ide.mcu.externaltools.gnu-tools-for-stm32.12.3.rel1.linux64_1.1.0.202410170702/tools/bin/../lib/gcc/arm-none-eabi/12.3.1/../../../../arm-none-eabi/lib/thumb/v7e-m+fp/hard/libc_nano.a(libc_a-stdio.o) (_lseek_r)
/opt/st/stm32cubeide_1.17.0/plugins/com.st.stm32cube.ide.mcu.externaltools.gnu-tools-for-stm32.12.3.rel1.linux64_1.1.0.202410170702/tools/bin/../lib/gcc/arm-none-eabi/12.3.1/../../../../arm-none-eabi/lib/thumb/v7e-m+fp/hard/libc_nano.a(libc_a-readr.o)
                              /opt/st/stm32cubeide_1.17.0/plugins/com.st.stm32cube.ide.mcu.externaltools.gnu-tools-for-stm32.12.3.rel1.linux64_1.1.0.202410170702/tools/bin/../lib/gcc/arm-none-eabi/12.3.1/../../../../arm-none-eabi/lib/thumb/v7e-m+fp/hard/libc_nano.a(libc_a-stdio.o) (_read_r)
[...]
Memory Configuration

Name             Origin             Length             Attributes
RAM              0x20000000         0x00050000         xrw
FLASH            0x08000000         0x00100000         xr
*default*        0x00000000         0xffffffff

Linker script and memory map

LOAD /opt/st/stm32cubeide_1.17.0/plugins/com.st.stm32cube.ide.mcu.externaltools.gnu-tools-for-stm32.12.3.rel1.linux64_1.1.0.202410170702/tools/bin/../lib/gcc/arm-none-eabi/12.3.1/thumb/v7e-m+fp/hard/crti.o
LOAD /opt/st/stm32cubeide_1.17.0/plugins/com.st.stm32cube.ide.mcu.externaltools.gnu-tools-for-stm32.12.3.rel1.linux64_1.1.0.202410170702/tools/bin/../lib/gcc/arm-none-eabi/12.3.1/thumb/v7e-m+fp/hard/crtbegin.o
LOAD /opt/st/stm32cubeide_1.17.0/plugins/com.st.stm32cube.ide.mcu.externaltools.gnu-tools-for-stm32.12.3.rel1.linux64_1.1.0.202410170702/tools/bin/../lib/gcc/arm-none-eabi/12.3.1/../../../../arm-none-eabi/lib/thumb/v7e-m+fp/hard/crt0.o
LOAD ./Core/Src/adc.o
LOAD ./Core/Src/dac.o
LOAD ./Core/Src/dma2d.o
LOAD ./Core/Src/fmc.o
LOAD ./Core/Src/freertos.o
LOAD ./Core/Src/ft5336.o
LOAD ./Core/Src/gpio.o
LOAD ./Core/Src/i2c.o
LOAD ./Core/Src/ltdc.o
LOAD ./Core/Src/main.o
LOAD ./Core/Src/rtc.o
LOAD ./Core/Src/spi.o
LOAD ./Core/Src/stm32746g_discovery.o
LOAD ./Core/Src/stm32746g_discovery_lcd.o
LOAD ./Core/Src/stm32746g_discovery_sdram.o
LOAD ./Core/Src/stm32746g_discovery_ts.o
LOAD ./Core/Src/stm32f7xx_hal_msp.o
LOAD ./Core/Src/stm32f7xx_hal_timebase_tim.o
LOAD ./Core/Src/stm32f7xx_it.o
LOAD ./Core/Src/syscalls.o
LOAD ./Core/Src/sysmem.o
LOAD ./Core/Src/system_stm32f7xx.o
LOAD ./Core/Src/tim.o
LOAD ./Core/Src/usart.o
LOAD ./Core/Startup/startup_stm32f746nghx.o
LOAD ./Drivers/STM32F7xx_HAL_Driver/Src/stm32f7xx_hal.o
LOAD ./Drivers/STM32F7xx_HAL_Driver/Src/stm32f7xx_hal_adc.o
LOAD ./Drivers/STM32F7xx_HAL_Driver/Src/stm32f7xx_hal_adc_ex.o
LOAD ./Drivers/STM32F7xx_HAL_Driver/Src/stm32f7xx_hal_cortex.o
LOAD ./Drivers/STM32F7xx_HAL_Driver/Src/stm32f7xx_hal_dac.o
LOAD ./Drivers/STM32F7xx_HAL_Driver/Src/stm32f7xx_hal_dac_ex.o
LOAD ./Drivers/STM32F7xx_HAL_Driver/Src/stm32f7xx_hal_dma.o
LOAD ./Drivers/STM32F7xx_HAL_Driver/Src/stm32f7xx_hal_dma2d.o
LOAD ./Drivers/STM32F7xx_HAL_Driver/Src/stm32f7xx_hal_dma_ex.o
LOAD ./Drivers/STM32F7xx_HAL_Driver/Src/stm32f7xx_hal_dsi.o
LOAD ./Drivers/STM32F7xx_HAL_Driver/Src/stm32f7xx_hal_exti.o
LOAD ./Drivers/STM32F7xx_HAL_Driver/Src/stm32f7xx_hal_flash.o
LOAD ./Drivers/STM32F7xx_HAL_Driver/Src/stm32f7xx_hal_flash_ex.o
LOAD ./Drivers/STM32F7xx_HAL_Driver/Src/stm32f7xx_hal_gpio.o
LOAD ./Drivers/STM32F7xx_HAL_Driver/Src/stm32f7xx_hal_i2c.o
LOAD ./Drivers/STM32F7xx_HAL_Driver/Src/stm32f7xx_hal_i2c_ex.o
LOAD ./Drivers/STM32F7xx_HAL_Driver/Src/stm32f7xx_hal_ltdc.o
LOAD ./Drivers/STM32F7xx_HAL_Driver/Src/stm32f7xx_hal_ltdc_ex.o
LOAD ./Drivers/STM32F7xx_HAL_Driver/Src/stm32f7xx_hal_nand.o
LOAD ./Drivers/STM32F7xx_HAL_Driver/Src/stm32f7xx_hal_nor.o
LOAD ./Drivers/STM32F7xx_HAL_Driver/Src/stm32f7xx_hal_pwr.o
LOAD ./Drivers/STM32F7xx_HAL_Driver/Src/stm32f7xx_hal_pwr_ex.o
LOAD ./Drivers/STM32F7xx_HAL_Driver/Src/stm32f7xx_hal_rcc.o
LOAD ./Drivers/STM32F7xx_HAL_Driver/Src/stm32f7xx_hal_rcc_ex.o
LOAD ./Drivers/STM32F7xx_HAL_Driver/Src/stm32f7xx_hal_rtc.o
LOAD ./Drivers/STM32F7xx_HAL_Driver/Src/stm32f7xx_hal_rtc_ex.o
LOAD ./Drivers/STM32F7xx_HAL_Driver/Src/stm32f7xx_hal_sdram.o
LOAD ./Drivers/STM32F7xx_HAL_Driver/Src/stm32f7xx_hal_spi.o
LOAD ./Drivers/STM32F7xx_HAL_Driver/Src/stm32f7xx_hal_spi_ex.o
LOAD ./Drivers/STM32F7xx_HAL_Driver/Src/stm32f7xx_hal_sram.o
LOAD ./Drivers/STM32F7xx_HAL_Driver/Src/stm32f7xx_hal_tim.o
LOAD ./Drivers/STM32F7xx_HAL_Driver/Src/stm32f7xx_hal_tim_ex.o
LOAD ./Drivers/STM32F7xx_HAL_Driver/Src/stm32f7xx_hal_uart.o
LOAD ./Drivers/STM32F7xx_HAL_Driver/Src/stm32f7xx_hal_uart_ex.o
LOAD ./Drivers/STM32F7xx_HAL_Driver/Src/stm32f7xx_ll_fmc.o
LOAD ./Middlewares/Third_Party/FreeRTOS/Source/CMSIS_RTOS/cmsis_os.o
LOAD ./Middlewares/Third_Party/FreeRTOS/Source/croutine.o
LOAD ./Middlewares/Third_Party/FreeRTOS/Source/event_groups.o
LOAD ./Middlewares/Third_Party/FreeRTOS/Source/list.o
LOAD ./Middlewares/Third_Party/FreeRTOS/Source/queue.o
LOAD ./Middlewares/Third_Party/FreeRTOS/Source/stream_buffer.o
LOAD ./Middlewares/Third_Party/FreeRTOS/Source/tasks.o
LOAD ./Middlewares/Third_Party/FreeRTOS/Source/timers.o
LOAD ./Middlewares/Third_Party/FreeRTOS/Source/portable/GCC/ARM_CM7/r0p1/port.o
LOAD ./Middlewares/Third_Party/FreeRTOS/Source/portable/MemMang/heap_4.o
START GROUP
LOAD /opt/st/stm32cubeide_1.17.0/plugins/com.st.stm32cube.ide.mcu.externaltools.gnu-tools-for-stm32.12.3.rel1.linux64_1.1.0.202410170702/tools/bin/../lib/gcc/arm-none-eabi/12.3.1/../../../../arm-none-eabi/lib/thumb/v7e-m+fp/hard/libc_nano.a
LOAD /opt/st/stm32cubeide_1.17.0/plugins/com.st.stm32cube.ide.mcu.externaltools.gnu-tools-for-stm32.12.3.rel1.linux64_1.1.0.202410170702/tools/bin/../lib/gcc/arm-none-eabi/12.3.1/../../../../arm-none-eabi/lib/thumb/v7e-m+fp/hard/libm.a
END GROUP
START GROUP
LOAD /opt/st/stm32cubeide_1.17.0/plugins/com.st.stm32cube.ide.mcu.externaltools.gnu-tools-for-stm32.12.3.rel1.linux64_1.1.0.202410170702/tools/bin/../lib/gcc/arm-none-eabi/12.3.1/thumb/v7e-m+fp/hard/libgcc.a
LOAD /opt/st/stm32cubeide_1.17.0/plugins/com.st.stm32cube.ide.mcu.externaltools.gnu-tools-for-stm32.12.3.rel1.linux64_1.1.0.202410170702/tools/bin/../lib/gcc/arm-none-eabi/12.3.1/../../../../arm-none-eabi/lib/thumb/v7e-m+fp/hard/libc_nano.a
END GROUP
START GROUP
LOAD /opt/st/stm32cubeide_1.17.0/plugins/com.st.stm32cube.ide.mcu.externaltools.gnu-tools-for-stm32.12.3.rel1.linux64_1.1.0.202410170702/tools/bin/../lib/gcc/arm-none-eabi/12.3.1/thumb/v7e-m+fp/hard/libgcc.a
LOAD /opt/st/stm32cubeide_1.17.0/plugins/com.st.stm32cube.ide.mcu.externaltools.gnu-tools-for-stm32.12.3.rel1.linux64_1.1.0.202410170702/tools/bin/../lib/gcc/arm-none-eabi/12.3.1/../../../../arm-none-eabi/lib/thumb/v7e-m+fp/hard/libc_nano.a
LOAD /opt/st/stm32cubeide_1.17.0/plugins/com.st.stm32cube.ide.mcu.externaltools.gnu-tools-for-stm32.12.3.rel1.linux64_1.1.0.202410170702/tools/bin/../lib/gcc/arm-none-eabi/12.3.1/../../../../arm-none-eabi/lib/thumb/v7e-m+fp/hard/libnosys.a
END GROUP
START GROUP
LOAD /opt/st/stm32cubeide_1.17.0/plugins/com.st.stm32cube.ide.mcu.externaltools.gnu-tools-for-stm32.12.3.rel1.linux64_1.1.0.202410170702/tools/bin/../lib/gcc/arm-none-eabi/12.3.1/thumb/v7e-m+fp/hard/libgcc.a
LOAD /opt/st/stm32cubeide_1.17.0/plugins/com.st.stm32cube.ide.mcu.externaltools.gnu-tools-for-stm32.12.3.rel1.linux64_1.1.0.202410170702/tools/bin/../lib/gcc/arm-none-eabi/12.3.1/../../../../arm-none-eabi/lib/thumb/v7e-m+fp/hard/libc_nano.a
LOAD /opt/st/stm32cubeide_1.17.0/plugins/com.st.stm32cube.ide.mcu.externaltools.gnu-tools-for-stm32.12.3.rel1.linux64_1.1.0.202410170702/tools/bin/../lib/gcc/arm-none-eabi/12.3.1/../../../../arm-none-eabi/lib/thumb/v7e-m+fp/hard/libnosys.a
END GROUP
LOAD /opt/st/stm32cubeide_1.17.0/plugins/com.st.stm32cube.ide.mcu.externaltools.gnu-tools-for-stm32.12.3.rel1.linux64_1.1.0.202410170702/tools/bin/../lib/gcc/arm-none-eabi/12.3.1/thumb/v7e-m+fp/hard/crtend.o
LOAD /opt/st/stm32cubeide_1.17.0/plugins/com.st.stm32cube.ide.mcu.externaltools.gnu-tools-for-stm32.12.3.rel1.linux64_1.1.0.202410170702/tools/bin/../lib/gcc/arm-none-eabi/12.3.1/thumb/v7e-m+fp/hard/crtn.o
                0x20050000                        _estack = (ORIGIN (RAM) + LENGTH (RAM))
                0x00000200                        _Min_Heap_Size = 0x200
                0x00000400                        _Min_Stack_Size = 0x400

.isr_vector     0x08000000      0x1c8
                0x08000000                        . = ALIGN (0x4)
 *(.isr_vector)
 .isr_vector    0x08000000      0x1c8 ./Core/Startup/startup_stm32f746nghx.o
                0x08000000                g_pfnVectors
                0x080001c8                        . = ALIGN (0x4)

.text           0x080001d0     0xd1b4
                0x080001d0                        . = ALIGN (0x4)
 *(.text)
 .text          0x080001d0       0x40 /opt/st/stm32cubeide_1.17.0/plugins/com.st.stm32cube.ide.mcu.externaltools.gnu-tools-for-stm32.12.3.rel1.linux64_1.1.0.202410170702/tools/bin/../lib/gcc/arm-none-eabi/12.3.1/thumb/v7e-m+fp/hard/crtbegin.o
 .text          0x08000210      0x254 /opt/st/stm32cubeide_1.17.0/plugins/com.st.stm32cube.ide.mcu.externaltools.gnu-tools-for-stm32.12.3.rel1.linux64_1.1.0.202410170702/tools/bin/../lib/gcc/arm-none-eabi/12.3.1/thumb/v7e-m+fp/hard/libgcc.a(_arm_muldf3.o)
                0x08000210                __aeabi_dmul
                0x08000210                __muldf3
 .text          0x08000464      0x378 /opt/st/stm32cubeide_1.17.0/plugins/com.st.stm32cube.ide.mcu.externaltools.gnu-tools-for-stm32.12.3.rel1.linux64_1.1.0.202410170702/tools/bin/../lib/gcc/arm-none-eabi/12.3.1/thumb/v7e-m+fp/hard/libgcc.a(_arm_addsubdf3.o)
                0x08000464                __aeabi_drsub
                0x0800046c                __aeabi_dsub
                0x0800046c                __subdf3
                0x08000470                __adddf3
                0x08000470                __aeabi_dadd
                0x080006e8                __aeabi_ui2d
                0x080006e8                __floatunsidf
                0x08000708                __floatsidf
                0x08000708                __aeabi_i2d
                0x0800072c                __extendsfdf2
                0x0800072c                __aeabi_f2d
                0x08000770                __aeabi_ul2d
                0x08000770                __floatundidf
                0x08000780                __floatdidf
                0x08000780                __aeabi_l2d
 .text          0x080007dc       0x40 /opt/st/stm32cubeide_1.17.0/plugins/com.st.stm32cube.ide.mcu.externaltools.gnu-tools-for-stm32.12.3.rel1.linux64_1.1.0.202410170702/tools/bin/../lib/gcc/arm-none-eabi/12.3.1/thumb/v7e-m+fp/hard/libgcc.a(_arm_fixunsdfsi.o)
                0x080007dc                __fixunsdfsi
                0x080007dc                __aeabi_d2uiz
 .text          0x0800081c       0x30 /opt/st/stm32cubeide_1.17.0/plugins/com.st.stm32cube.ide.mcu.externaltools.gnu-tools-for-stm32.12.3.rel1.linux64_1.1.0.202410170702/tools/bin/../lib/gcc/arm-none-eabi/12.3.1/thumb/v7e-m+fp/hard/libgcc.a(_aeabi_uldivmod.o)
                0x0800081c                __aeabi_uldivmod
 .text          0x0800084c      0x2bc /opt/st/stm32cubeide_1.17.0/plugins/com.st.stm32cube.ide.mcu.externaltools.gnu-tools-for-stm32.12.3.rel1.linux64_1.1.0.202410170702/tools/bin/../lib/gcc/arm-none-eabi/12.3.1/thumb/v7e-m+fp/hard/libgcc.a(_udivmoddi4.o)
                0x0800084c                __udivmoddi4
 .text          0x08000b08        0x4 /opt/st/stm32cubeide_1.17.0/plugins/com.st.stm32cube.ide.mcu.externaltools.gnu-tools-for-stm32.12.3.rel1.linux64_1.1.0.202410170702/tools/bin/../lib/gcc/arm-none-eabi/12.3.1/thumb/v7e-m+fp/hard/libgcc.a(_dvmd_tls.o)
                0x08000b08                __aeabi_ldiv0
                0x08000b08                __aeabi_idiv0
 *(.text*)
 .text.MX_ADC1_Init
                0x08000b0c       0xa4 ./Core/Src/adc.o
                0x08000b0c                MX_ADC1_Init
 .text.MX_ADC3_Init
                0x08000bb0       0xa4 ./Core/Src/adc.o
                0x08000bb0                MX_ADC3_Init
 .text.HAL_ADC_MspInit
                0x08000c54       0xdc ./Core/Src/adc.o
                0x08000c54                HAL_ADC_MspInit
 .text.MX_DAC_Init
                0x08000d30       0x54 ./Core/Src/dac.o
                0x08000d30                MX_DAC_Init
 .text.HAL_DAC_MspInit
                0x08000d84       0x90 ./Core/Src/dac.o
                0x08000d84                HAL_DAC_MspInit
 .text.MX_DMA2D_Init
                0x08000e14       0x64 ./Core/Src/dma2d.o
                0x08000e14                MX_DMA2D_Init
 .text.HAL_DMA2D_MspInit
                0x08000e78       0x4c ./Core/Src/dma2d.o
                0x08000e78                HAL_DMA2D_MspInit
 .text.MX_FMC_Init
                0x08000ec4       0xa0 ./Core/Src/fmc.o
                0x08000ec4                MX_FMC_Init
 .text.HAL_FMC_MspInit
                0x08000f64      0x120 ./Core/Src/fmc.o
 .text.HAL_SDRAM_MspInit
                0x08001084       0x14 ./Core/Src/fmc.o
                0x08001084                HAL_SDRAM_MspInit
 .text.vApplicationGetIdleTaskMemory
                0x08001098       0x34 ./Core/Src/freertos.o
                0x08001098                vApplicationGetIdleTaskMemory
 .text.MX_FREERTOS_Init
                0x080010cc      0x10c ./Core/Src/freertos.o
                0x080010cc                MX_FREERTOS_Init
 .text.StartDefaultTask
                0x080011d8       0x12 ./Core/Src/freertos.o
                0x080011d8                StartDefaultTask
 *fill*         0x080011ea        0x2 
 .text.displayTaskFunction
                0x080011ec      0x2f0 ./Core/Src/freertos.o
                0x080011ec                displayTaskFunction
 .text.touchTaskFunction
                0x080014dc       0xd8 ./Core/Src/freertos.o
                0x080014dc                touchTaskFunction
 .text.stateTaskFunction
                0x080015b4       0xcc ./Core/Src/freertos.o
                0x080015b4                stateTaskFunction
 .text.ft5336_Init
                0x08001680       0x1c ./Core/Src/ft5336.o
                0x08001680                ft5336_Init
 .text.ft5336_Reset
                0x0800169c       0x16 ./Core/Src/ft5336.o
                0x0800169c                ft5336_Reset
 .text.ft5336_ReadID
                0x080016b2       0x5a ./Core/Src/ft5336.o
                0x080016b2                ft5336_ReadID
 .text.ft5336_TS_Start
                0x0800170c       0x22 ./Core/Src/ft5336.o
                0x0800170c                ft5336_TS_Start
 *fill*         0x0800172e        0x2 
 .text.ft5336_TS_DetectTouch
                0x08001730       0x54 ./Core/Src/ft5336.o
                0x08001730                ft5336_TS_DetectTouch
 .text.ft5336_TS_GetXY
                0x08001784      0x1e0 ./Core/Src/ft5336.o
                0x08001784                ft5336_TS_GetXY
 .text.ft5336_TS_EnableIT
                0x08001964       0x28 ./Core/Src/ft5336.o
                0x08001964                ft5336_TS_EnableIT
 .text.ft5336_TS_DisableIT
                0x0800198c       0x28 ./Core/Src/ft5336.o
                0x0800198c                ft5336_TS_DisableIT
 .text.ft5336_TS_ITStatus
                0x080019b4       0x18 ./Core/Src/ft5336.o
                0x080019b4                ft5336_TS_ITStatus
 .text.ft5336_TS_ClearIT
                0x080019cc       0x16 ./Core/Src/ft5336.o
                0x080019cc                ft5336_TS_ClearIT
 .text.ft5336_TS_GetGestureID
                0x080019e2       0x32 ./Core/Src/ft5336.o
                0x080019e2                ft5336_TS_GetGestureID
 .text.ft5336_TS_GetTouchInfo
                0x08001a14      0x15c ./Core/Src/ft5336.o
                0x08001a14                ft5336_TS_GetTouchInfo
 .text.ft5336_Get_I2C_InitializedStatus
                0x08001b70       0x18 ./Core/Src/ft5336.o
 .text.ft5336_I2C_InitializeIfRequired
                0x08001b88       0x20 ./Core/Src/ft5336.o
 .text.ft5336_TS_Configure
                0x08001ba8       0x1c ./Core/Src/ft5336.o
 .text.MX_GPIO_Init
                0x08001bc4      0x580 ./Core/Src/gpio.o
                0x08001bc4                MX_GPIO_Init
 .text.MX_I2C1_Init
                0x08002144       0x80 ./Core/Src/i2c.o
                0x08002144                MX_I2C1_Init
 .text.MX_I2C3_Init
                0x080021c4       0x80 ./Core/Src/i2c.o
                0x080021c4                MX_I2C3_Init
 .text.HAL_I2C_MspInit
                0x08002244      0x150 ./Core/Src/i2c.o
                0x08002244                HAL_I2C_MspInit
 .text.HAL_I2C_MspDeInit
                0x08002394       0x78 ./Core/Src/i2c.o
                0x08002394                HAL_I2C_MspDeInit
 .text.MX_LTDC_Init
                0x0800240c      0x104 ./Core/Src/ltdc.o
                0x0800240c                MX_LTDC_Init
 .text.HAL_LTDC_MspInit
                0x08002510      0x204 ./Core/Src/ltdc.o
                0x08002510                HAL_LTDC_MspInit
 .text.main     0x08002714       0xe0 ./Core/Src/main.o
                0x08002714                main
 .text.SystemClock_Config
                0x080027f4       0xe4 ./Core/Src/main.o
                0x080027f4                SystemClock_Config
 .text.HAL_TIM_PeriodElapsedCallback
                0x080028d8       0x24 ./Core/Src/main.o
                0x080028d8                HAL_TIM_PeriodElapsedCallback
 .text.Error_Handler
                0x080028fc        0xc ./Core/Src/main.o
                0x080028fc                Error_Handler
 .text.MX_RTC_Init
                0x08002908      0x148 ./Core/Src/rtc.o
                0x08002908                MX_RTC_Init
 .text.HAL_RTC_MspInit
                0x08002a50       0x5c ./Core/Src/rtc.o
                0x08002a50                HAL_RTC_MspInit
 .text.MX_SPI2_Init
                0x08002aac       0x7c ./Core/Src/spi.o
                0x08002aac                MX_SPI2_Init
 .text.HAL_SPI_MspInit
                0x08002b28       0xc4 ./Core/Src/spi.o
                0x08002b28                HAL_SPI_MspInit
 .text.I2Cx_MspInit
                0x08002bec      0x160 ./Core/Src/stm32746g_discovery.o
 .text.I2Cx_Init
                0x08002d4c       0x78 ./Core/Src/stm32746g_discovery.o
 .text.I2Cx_ReadMultiple
                0x08002dc4       0x5a ./Core/Src/stm32746g_discovery.o
 .text.I2Cx_WriteMultiple
                0x08002e1e       0x5a ./Core/Src/stm32746g_discovery.o
 .text.I2Cx_Error
                0x08002e78       0x20 ./Core/Src/stm32746g_discovery.o
 .text.TS_IO_Init
                0x08002e98       0x14 ./Core/Src/stm32746g_discovery.o
                0x08002e98                TS_IO_Init
 .text.TS_IO_Write
                0x08002eac       0x34 ./Core/Src/stm32746g_discovery.o
                0x08002eac                TS_IO_Write
 .text.TS_IO_Read
                0x08002ee0       0x3c ./Core/Src/stm32746g_discovery.o
                0x08002ee0                TS_IO_Read
 .text.TS_IO_Delay
                0x08002f1c       0x16 ./Core/Src/stm32746g_discovery.o
                0x08002f1c                TS_IO_Delay
 *fill*         0x08002f32        0x2 
 .text.BSP_LCD_Init
                0x08002f34       0xe0 ./Core/Src/stm32746g_discovery_lcd.o
                0x08002f34                BSP_LCD_Init
 .text.BSP_LCD_GetXSize
                0x08003014       0x28 ./Core/Src/stm32746g_discovery_lcd.o
                0x08003014                BSP_LCD_GetXSize
 .text.BSP_LCD_GetYSize
                0x0800303c       0x28 ./Core/Src/stm32746g_discovery_lcd.o
                0x0800303c                BSP_LCD_GetYSize
 .text.BSP_LCD_LayerDefaultInit
                0x08003064       0xc0 ./Core/Src/stm32746g_discovery_lcd.o
                0x08003064                BSP_LCD_LayerDefaultInit
 .text.BSP_LCD_SelectLayer
                0x08003124       0x20 ./Core/Src/stm32746g_discovery_lcd.o
                0x08003124                BSP_LCD_SelectLayer
 .text.BSP_LCD_SetTextColor
                0x08003144       0x30 ./Core/Src/stm32746g_discovery_lcd.o
                0x08003144                BSP_LCD_SetTextColor
 .text.BSP_LCD_SetBackColor
                0x08003174       0x34 ./Core/Src/stm32746g_discovery_lcd.o
                0x08003174                BSP_LCD_SetBackColor
 .text.BSP_LCD_SetFont
                0x080031a8       0x34 ./Core/Src/stm32746g_discovery_lcd.o
                0x080031a8                BSP_LCD_SetFont
 .text.BSP_LCD_GetFont
                0x080031dc       0x2c ./Core/Src/stm32746g_discovery_lcd.o
                0x080031dc                BSP_LCD_GetFont
 .text.BSP_LCD_Clear
                0x08003208       0x50 ./Core/Src/stm32746g_discovery_lcd.o
                0x08003208                BSP_LCD_Clear
 .text.BSP_LCD_DisplayChar
                0x08003258       0x88 ./Core/Src/stm32746g_discovery_lcd.o
                0x08003258                BSP_LCD_DisplayChar
 .text.BSP_LCD_DisplayStringAt
                0x080032e0      0x190 ./Core/Src/stm32746g_discovery_lcd.o
                0x080032e0                BSP_LCD_DisplayStringAt
 .text.BSP_LCD_DrawPixel
                0x08003470       0x90 ./Core/Src/stm32746g_discovery_lcd.o
                0x08003470                BSP_LCD_DrawPixel
 .text.BSP_LCD_DrawBitmap
                0x08003500      0x164 ./Core/Src/stm32746g_discovery_lcd.o
                0x08003500                BSP_LCD_DrawBitmap
 .text.BSP_LCD_FillRect
                0x08003664       0xf4 ./Core/Src/stm32746g_discovery_lcd.o
                0x08003664                BSP_LCD_FillRect
 .text.BSP_LCD_DisplayOn
                0x08003758       0x3c ./Core/Src/stm32746g_discovery_lcd.o
                0x08003758                BSP_LCD_DisplayOn
 .text.BSP_LCD_MspInit
                0x08003794      0x1b4 ./Core/Src/stm32746g_discovery_lcd.o
                0x08003794                BSP_LCD_MspInit
 .text.BSP_LCD_ClockConfig
                0x08003948       0x38 ./Core/Src/stm32746g_discovery_lcd.o
                0x08003948                BSP_LCD_ClockConfig
 .text.DrawChar
                0x08003980      0x170 ./Core/Src/stm32746g_discovery_lcd.o
 .text.LL_FillBuffer
                0x08003af0       0x98 ./Core/Src/stm32746g_discovery_lcd.o
 .text.LL_ConvertLineToARGB8888
                0x08003b88       0x88 ./Core/Src/stm32746g_discovery_lcd.o
 .text.BSP_SDRAM_Init
                0x08003c10       0xbc ./Core/Src/stm32746g_discovery_sdram.o
                0x08003c10                BSP_SDRAM_Init
 .text.BSP_SDRAM_Initialization_sequence
                0x08003ccc       0xc0 ./Core/Src/stm32746g_discovery_sdram.o
                0x08003ccc                BSP_SDRAM_Initialization_sequence
 .text.BSP_SDRAM_MspInit
                0x08003d8c      0x1f0 ./Core/Src/stm32746g_discovery_sdram.o
                0x08003d8c                BSP_SDRAM_MspInit
 .text.BSP_TS_Init
                0x08003f7c       0x80 ./Core/Src/stm32746g_discovery_ts.o
                0x08003f7c                BSP_TS_Init
 .text.BSP_TS_GetState
                0x08003ffc      0x378 ./Core/Src/stm32746g_discovery_ts.o
                0x08003ffc                BSP_TS_GetState
 .text.BSP_TS_Get_GestureId
                0x08004374      0x104 ./Core/Src/stm32746g_discovery_ts.o
                0x08004374                BSP_TS_Get_GestureId
 .text.HAL_MspInit
                0x08004478       0x50 ./Core/Src/stm32f7xx_hal_msp.o
                0x08004478                HAL_MspInit
 .text.HAL_InitTick
                0x080044c8       0xf4 ./Core/Src/stm32f7xx_hal_timebase_tim.o
                0x080044c8                HAL_InitTick
 .text.NMI_Handler
                0x080045bc        0x8 ./Core/Src/stm32f7xx_it.o
                0x080045bc                NMI_Handler
 .text.HardFault_Handler
                0x080045c4        0x8 ./Core/Src/stm32f7xx_it.o
                0x080045c4                HardFault_Handler
 .text.MemManage_Handler
                0x080045cc        0x8 ./Core/Src/stm32f7xx_it.o
                0x080045cc                MemManage_Handler
 .text.BusFault_Handler
                0x080045d4        0x8 ./Core/Src/stm32f7xx_it.o
                0x080045d4                BusFault_Handler
 .text.UsageFault_Handler
                0x080045dc        0x8 ./Core/Src/stm32f7xx_it.o
                0x080045dc                UsageFault_Handler
 .text.DebugMon_Handler
                0x080045e4        0xe ./Core/Src/stm32f7xx_it.o
                0x080045e4                DebugMon_Handler
 *fill*         0x080045f2        0x2 
 .text.TIM6_DAC_IRQHandler
                0x080045f4       0x28 ./Core/Src/stm32f7xx_it.o
                0x080045f4                TIM6_DAC_IRQHandler
 .text.LTDC_IRQHandler
                0x0800461c       0x14 ./Core/Src/stm32f7xx_it.o
                0x0800461c                LTDC_IRQHandler
 .text.DMA2D_IRQHandler
                0x08004630       0x14 ./Core/Src/stm32f7xx_it.o
                0x08004630                DMA2D_IRQHandler
 .text.SystemInit
                0x08004644       0x24 ./Core/Src/system_stm32f7xx.o
                0x08004644                SystemInit
 .text.MX_TIM1_Init
                0x08004668       0xa8 ./Core/Src/tim.o
                0x08004668                MX_TIM1_Init
 .text.MX_TIM2_Init
                0x08004710       0x9c ./Core/Src/tim.o
                0x08004710                MX_TIM2_Init
 .text.MX_TIM3_Init
                0x080047ac       0x9c ./Core/Src/tim.o
                0x080047ac                MX_TIM3_Init
 .text.MX_TIM5_Init
                0x08004848       0x9c ./Core/Src/tim.o
                0x08004848                MX_TIM5_Init
 .text.MX_TIM8_Init
                0x080048e4       0xa8 ./Core/Src/tim.o
                0x080048e4                MX_TIM8_Init
 .text.HAL_TIM_Base_MspInit
                0x0800498c      0x124 ./Core/Src/tim.o
                0x0800498c                HAL_TIM_Base_MspInit
 .text.MX_UART7_Init
                0x08004ab0       0x60 ./Core/Src/usart.o
                0x08004ab0                MX_UART7_Init
 .text.MX_USART1_UART_Init
                0x08004b10       0x60 ./Core/Src/usart.o
                0x08004b10                MX_USART1_UART_Init
 .text.MX_USART6_UART_Init
                0x08004b70       0x60 ./Core/Src/usart.o
                0x08004b70                MX_USART6_UART_Init
 .text.HAL_UART_MspInit
                0x08004bd0      0x220 ./Core/Src/usart.o
                0x08004bd0                HAL_UART_MspInit
 .text.Reset_Handler
                0x08004df0       0x50 ./Core/Startup/startup_stm32f746nghx.o
                0x08004df0                Reset_Handler
 .text.Default_Handler
                0x08004e40        0x2 ./Core/Startup/startup_stm32f746nghx.o
                0x08004e40                RTC_Alarm_IRQHandler
                0x08004e40                EXTI2_IRQHandler
                0x08004e40                TIM8_CC_IRQHandler
                0x08004e40                UART8_IRQHandler
                0x08004e40                SPI4_IRQHandler
                0x08004e40                TIM1_CC_IRQHandler
                0x08004e40                DMA2_Stream5_IRQHandler
                0x08004e40                DMA1_Stream5_IRQHandler
                0x08004e40                PVD_IRQHandler
                0x08004e40                TAMP_STAMP_IRQHandler
                0x08004e40                CAN2_RX1_IRQHandler
                0x08004e40                EXTI3_IRQHandler
                0x08004e40                TIM8_TRG_COM_TIM14_IRQHandler
                0x08004e40                TIM1_UP_TIM10_IRQHandler
                0x08004e40                TIM8_UP_TIM13_IRQHandler
                0x08004e40                I2C3_ER_IRQHandler
                0x08004e40                EXTI0_IRQHandler
                0x08004e40                I2C2_EV_IRQHandler
                0x08004e40                DMA1_Stream2_IRQHandler
                0x08004e40                CAN1_RX0_IRQHandler
                0x08004e40                FPU_IRQHandler
                0x08004e40                OTG_HS_WKUP_IRQHandler
                0x08004e40                LTDC_ER_IRQHandler
                0x08004e40                CAN2_SCE_IRQHandler
                0x08004e40                DMA2_Stream2_IRQHandler
                0x08004e40                SPI1_IRQHandler
                0x08004e40                TIM1_BRK_TIM9_IRQHandler
                0x08004e40                DCMI_IRQHandler
                0x08004e40                CAN2_RX0_IRQHandler
                0x08004e40                DMA2_Stream3_IRQHandler
                0x08004e40                SAI2_IRQHandler
                0x08004e40                USART6_IRQHandler
                0x08004e40                USART3_IRQHandler
                0x08004e40                CAN1_RX1_IRQHandler
                0x08004e40                UART5_IRQHandler
                0x08004e40                DMA2_Stream0_IRQHandler
                0x08004e40                TIM4_IRQHandler
                0x08004e40                QUADSPI_IRQHandler
                0x08004e40                I2C1_EV_IRQHandler
                0x08004e40                DMA1_Stream6_IRQHandler
                0x08004e40                DMA1_Stream1_IRQHandler
                0x08004e40                UART4_IRQHandler
                0x08004e40                TIM3_IRQHandler
                0x08004e40                RCC_IRQHandler
                0x08004e40                TIM8_BRK_TIM12_IRQHandler
                0x08004e40                Default_Handler
                0x08004e40                CEC_IRQHandler
                0x08004e40                EXTI15_10_IRQHandler
                0x08004e40                ADC_IRQHandler
                0x08004e40                DMA1_Stream7_IRQHandler
                0x08004e40                SPI5_IRQHandler
                0x08004e40                TIM7_IRQHandler
                0x08004e40                SDMMC1_IRQHandler
                0x08004e40                CAN2_TX_IRQHandler
                0x08004e40                TIM5_IRQHandler
                0x08004e40                DMA2_Stream7_IRQHandler
                0x08004e40                I2C3_EV_IRQHandler
                0x08004e40                EXTI9_5_IRQHandler
                0x08004e40                RTC_WKUP_IRQHandler
                0x08004e40                ETH_WKUP_IRQHandler
                0x08004e40                SPDIF_RX_IRQHandler
                0x08004e40                SPI2_IRQHandler
                0x08004e40                OTG_HS_EP1_IN_IRQHandler
                0x08004e40                DMA1_Stream0_IRQHandler
                0x08004e40                CAN1_TX_IRQHandler
                0x08004e40                EXTI4_IRQHandler
                0x08004e40                RNG_IRQHandler
                0x08004e40                ETH_IRQHandler
                0x08004e40                OTG_HS_EP1_OUT_IRQHandler
                0x08004e40                WWDG_IRQHandler
                0x08004e40                SPI6_IRQHandler
                0x08004e40                I2C4_EV_IRQHandler
                0x08004e40                TIM2_IRQHandler
                0x08004e40                OTG_FS_WKUP_IRQHandler
                0x08004e40                TIM1_TRG_COM_TIM11_IRQHandler
                0x08004e40                OTG_HS_IRQHandler
                0x08004e40                EXTI1_IRQHandler
                0x08004e40                UART7_IRQHandler
                0x08004e40                USART2_IRQHandler
                0x08004e40                I2C2_ER_IRQHandler
                0x08004e40                DMA2_Stream1_IRQHandler
                0x08004e40                CAN1_SCE_IRQHandler
                0x08004e40                FLASH_IRQHandler
                0x08004e40                DMA2_Stream4_IRQHandler
                0x08004e40                USART1_IRQHandler
                0x08004e40                OTG_FS_IRQHandler
                0x08004e40                SPI3_IRQHandler
                0x08004e40                DMA1_Stream4_IRQHandler
                0x08004e40                I2C1_ER_IRQHandler
                0x08004e40                FMC_IRQHandler
                0x08004e40                LPTIM1_IRQHandler
                0x08004e40                I2C4_ER_IRQHandler
                0x08004e40                DMA2_Stream6_IRQHandler
                0x08004e40                SAI1_IRQHandler
                0x08004e40                DMA1_Stream3_IRQHandler
 .text.HAL_Init
                0x08004e42       0x1a ./Drivers/STM32F7xx_HAL_Driver/Src/stm32f7xx_hal.o
                0x08004e42                HAL_Init
 .text.HAL_IncTick
                0x08004e5c       0x28 ./Drivers/STM32F7xx_HAL_Driver/Src/stm32f7xx_hal.o
                0x08004e5c                HAL_IncTick
 .text.HAL_GetTick
                0x08004e84       0x18 ./Drivers/STM32F7xx_HAL_Driver/Src/stm32f7xx_hal.o
                0x08004e84                HAL_GetTick
 .text.HAL_Delay
                0x08004e9c       0x48 ./Drivers/STM32F7xx_HAL_Driver/Src/stm32f7xx_hal.o
                0x08004e9c                HAL_Delay
 .text.HAL_ADC_Init
                0x08004ee4       0x88 ./Drivers/STM32F7xx_HAL_Driver/Src/stm32f7xx_hal_adc.o
                0x08004ee4                HAL_ADC_Init
 .text.HAL_ADC_ConfigChannel
                0x08004f6c      0x2b4 ./Drivers/STM32F7xx_HAL_Driver/Src/stm32f7xx_hal_adc.o
                0x08004f6c                HAL_ADC_ConfigChannel
 .text.ADC_Init
                0x08005220      0x1f4 ./Drivers/STM32F7xx_HAL_Driver/Src/stm32f7xx_hal_adc.o
 .text.__NVIC_SetPriorityGrouping
                0x08005414       0x48 ./Drivers/STM32F7xx_HAL_Driver/Src/stm32f7xx_hal_cortex.o
 .text.__NVIC_GetPriorityGrouping
                0x0800545c       0x1c ./Drivers/STM32F7xx_HAL_Driver/Src/stm32f7xx_hal_cortex.o
 .text.__NVIC_EnableIRQ
                0x08005478       0x3c ./Drivers/STM32F7xx_HAL_Driver/Src/stm32f7xx_hal_cortex.o
 .text.__NVIC_SetPriority
                0x080054b4       0x54 ./Drivers/STM32F7xx_HAL_Driver/Src/stm32f7xx_hal_cortex.o
 .text.NVIC_EncodePriority
                0x08005508       0x66 ./Drivers/STM32F7xx_HAL_Driver/Src/stm32f7xx_hal_cortex.o
 .text.HAL_NVIC_SetPriorityGrouping
                0x0800556e       0x16 ./Drivers/STM32F7xx_HAL_Driver/Src/stm32f7xx_hal_cortex.o
                0x0800556e                HAL_NVIC_SetPriorityGrouping
 .text.HAL_NVIC_SetPriority
                0x08005584       0x38 ./Drivers/STM32F7xx_HAL_Driver/Src/stm32f7xx_hal_cortex.o
                0x08005584                HAL_NVIC_SetPriority
 .text.HAL_NVIC_EnableIRQ
                0x080055bc       0x1c ./Drivers/STM32F7xx_HAL_Driver/Src/stm32f7xx_hal_cortex.o
                0x080055bc                HAL_NVIC_EnableIRQ
 .text.HAL_DAC_Init
                0x080055d8       0x44 ./Drivers/STM32F7xx_HAL_Driver/Src/stm32f7xx_hal_dac.o
                0x080055d8                HAL_DAC_Init
 .text.HAL_DAC_IRQHandler
                0x0800561c       0xac ./Drivers/STM32F7xx_HAL_Driver/Src/stm32f7xx_hal_dac.o
                0x0800561c                HAL_DAC_IRQHandler
 .text.HAL_DAC_DMAUnderrunCallbackCh1
                0x080056c8       0x14 ./Drivers/STM32F7xx_HAL_Driver/Src/stm32f7xx_hal_dac.o
                0x080056c8                HAL_DAC_DMAUnderrunCallbackCh1
 .text.HAL_DAC_ConfigChannel
                0x080056dc       0xb2 ./Drivers/STM32F7xx_HAL_Driver/Src/stm32f7xx_hal_dac.o
                0x080056dc                HAL_DAC_ConfigChannel
 .text.HAL_DACEx_DMAUnderrunCallbackCh2
                0x0800578e       0x14 ./Drivers/STM32F7xx_HAL_Driver/Src/stm32f7xx_hal_dac_ex.o
                0x0800578e                HAL_DACEx_DMAUnderrunCallbackCh2
 *fill*         0x080057a2        0x2 
 .text.HAL_DMA_Init
                0x080057a4      0x15c ./Drivers/STM32F7xx_HAL_Driver/Src/stm32f7xx_hal_dma.o
                0x080057a4                HAL_DMA_Init
 .text.HAL_DMA_DeInit
                0x08005900       0xbc ./Drivers/STM32F7xx_HAL_Driver/Src/stm32f7xx_hal_dma.o
                0x08005900                HAL_DMA_DeInit
 .text.DMA_CalcBaseAndBitshift
                0x080059bc       0x6c ./Drivers/STM32F7xx_HAL_Driver/Src/stm32f7xx_hal_dma.o
 .text.DMA_CheckFifoParam
                0x08005a28       0xf8 ./Drivers/STM32F7xx_HAL_Driver/Src/stm32f7xx_hal_dma.o
 .text.HAL_DMA2D_Init
                0x08005b20       0x94 ./Drivers/STM32F7xx_HAL_Driver/Src/stm32f7xx_hal_dma2d.o
                0x08005b20                HAL_DMA2D_Init
 .text.HAL_DMA2D_Start
                0x08005bb4       0x56 ./Drivers/STM32F7xx_HAL_Driver/Src/stm32f7xx_hal_dma2d.o
                0x08005bb4                HAL_DMA2D_Start
 .text.HAL_DMA2D_PollForTransfer
                0x08005c0a      0x1d2 ./Drivers/STM32F7xx_HAL_Driver/Src/stm32f7xx_hal_dma2d.o
                0x08005c0a                HAL_DMA2D_PollForTransfer
 .text.HAL_DMA2D_IRQHandler
                0x08005ddc      0x1f8 ./Drivers/STM32F7xx_HAL_Driver/Src/stm32f7xx_hal_dma2d.o
                0x08005ddc                HAL_DMA2D_IRQHandler
 .text.HAL_DMA2D_LineEventCallback
                0x08005fd4       0x14 ./Drivers/STM32F7xx_HAL_Driver/Src/stm32f7xx_hal_dma2d.o
                0x08005fd4                HAL_DMA2D_LineEventCallback
 .text.HAL_DMA2D_CLUTLoadingCpltCallback
                0x08005fe8       0x14 ./Drivers/STM32F7xx_HAL_Driver/Src/stm32f7xx_hal_dma2d.o
                0x08005fe8                HAL_DMA2D_CLUTLoadingCpltCallback
 .text.HAL_DMA2D_ConfigLayer
                0x08005ffc      0x124 ./Drivers/STM32F7xx_HAL_Driver/Src/stm32f7xx_hal_dma2d.o
                0x08005ffc                HAL_DMA2D_ConfigLayer
 .text.DMA2D_SetConfig
                0x08006120      0x138 ./Drivers/STM32F7xx_HAL_Driver/Src/stm32f7xx_hal_dma2d.o
 .text.HAL_GPIO_Init
                0x08006258      0x358 ./Drivers/STM32F7xx_HAL_Driver/Src/stm32f7xx_hal_gpio.o
                0x08006258                HAL_GPIO_Init
 .text.HAL_GPIO_DeInit
                0x080065b0      0x218 ./Drivers/STM32F7xx_HAL_Driver/Src/stm32f7xx_hal_gpio.o
                0x080065b0                HAL_GPIO_DeInit
 .text.HAL_GPIO_WritePin
                0x080067c8       0x32 ./Drivers/STM32F7xx_HAL_Driver/Src/stm32f7xx_hal_gpio.o
                0x080067c8                HAL_GPIO_WritePin
 *fill*         0x080067fa        0x2 
 .text.HAL_I2C_Init
                0x080067fc      0x138 ./Drivers/STM32F7xx_HAL_Driver/Src/stm32f7xx_hal_i2c.o
                0x080067fc                HAL_I2C_Init
 .text.HAL_I2C_DeInit
                0x08006934       0x5e ./Drivers/STM32F7xx_HAL_Driver/Src/stm32f7xx_hal_i2c.o
                0x08006934                HAL_I2C_DeInit
 *fill*         0x08006992        0x2 
 .text.HAL_I2C_Mem_Write
                0x08006994      0x228 ./Drivers/STM32F7xx_HAL_Driver/Src/stm32f7xx_hal_i2c.o
                0x08006994                HAL_I2C_Mem_Write
 .text.HAL_I2C_Mem_Read
                0x08006bbc      0x234 ./Drivers/STM32F7xx_HAL_Driver/Src/stm32f7xx_hal_i2c.o
                0x08006bbc                HAL_I2C_Mem_Read
 .text.HAL_I2C_GetState
                0x08006df0       0x1c ./Drivers/STM32F7xx_HAL_Driver/Src/stm32f7xx_hal_i2c.o
                0x08006df0                HAL_I2C_GetState
 .text.I2C_RequestMemoryWrite
                0x08006e0c       0xa8 ./Drivers/STM32F7xx_HAL_Driver/Src/stm32f7xx_hal_i2c.o
 .text.I2C_RequestMemoryRead
                0x08006eb4       0xa8 ./Drivers/STM32F7xx_HAL_Driver/Src/stm32f7xx_hal_i2c.o
 .text.I2C_Flush_TXDR
                0x08006f5c       0x48 ./Drivers/STM32F7xx_HAL_Driver/Src/stm32f7xx_hal_i2c.o
 .text.I2C_WaitOnFlagUntilTimeout
                0x08006fa4       0xb2 ./Drivers/STM32F7xx_HAL_Driver/Src/stm32f7xx_hal_i2c.o
 .text.I2C_WaitOnTXISFlagUntilTimeout
                0x08007056       0x8e ./Drivers/STM32F7xx_HAL_Driver/Src/stm32f7xx_hal_i2c.o
 .text.I2C_WaitOnSTOPFlagUntilTimeout
                0x080070e4       0x86 ./Drivers/STM32F7xx_HAL_Driver/Src/stm32f7xx_hal_i2c.o
 *fill*         0x0800716a        0x2 
 .text.I2C_IsErrorOccurred
                0x0800716c      0x1c0 ./Drivers/STM32F7xx_HAL_Driver/Src/stm32f7xx_hal_i2c.o
 .text.I2C_TransferConfig
                0x0800732c       0x64 ./Drivers/STM32F7xx_HAL_Driver/Src/stm32f7xx_hal_i2c.o
 .text.HAL_I2CEx_ConfigAnalogFilter
                0x08007390       0x96 ./Drivers/STM32F7xx_HAL_Driver/Src/stm32f7xx_hal_i2c_ex.o
                0x08007390                HAL_I2CEx_ConfigAnalogFilter
 .text.HAL_I2CEx_ConfigDigitalFilter
                0x08007426       0x98 ./Drivers/STM32F7xx_HAL_Driver/Src/stm32f7xx_hal_i2c_ex.o
                0x08007426                HAL_I2CEx_ConfigDigitalFilter
 .text.HAL_LTDC_Init
                0x080074be      0x13a ./Drivers/STM32F7xx_HAL_Driver/Src/stm32f7xx_hal_ltdc.o
                0x080074be                HAL_LTDC_Init
 .text.HAL_LTDC_IRQHandler
                0x080075f8      0x148 ./Drivers/STM32F7xx_HAL_Driver/Src/stm32f7xx_hal_ltdc.o
                0x080075f8                HAL_LTDC_IRQHandler
 .text.HAL_LTDC_ErrorCallback
                0x08007740       0x14 ./Drivers/STM32F7xx_HAL_Driver/Src/stm32f7xx_hal_ltdc.o
                0x08007740                HAL_LTDC_ErrorCallback
 .text.HAL_LTDC_LineEventCallback
                0x08007754       0x14 ./Drivers/STM32F7xx_HAL_Driver/Src/stm32f7xx_hal_ltdc.o
                0x08007754                HAL_LTDC_LineEventCallback
 .text.HAL_LTDC_ReloadEventCallback
                0x08007768       0x14 ./Drivers/STM32F7xx_HAL_Driver/Src/stm32f7xx_hal_ltdc.o
                0x08007768                HAL_LTDC_ReloadEventCallback
 .text.HAL_LTDC_ConfigLayer
                0x0800777c       0x7c ./Drivers/STM32F7xx_HAL_Driver/Src/stm32f7xx_hal_ltdc.o
                0x0800777c                HAL_LTDC_ConfigLayer
 .text.HAL_LTDC_GetState
                0x080077f8       0x1c ./Drivers/STM32F7xx_HAL_Driver/Src/stm32f7xx_hal_ltdc.o
                0x080077f8                HAL_LTDC_GetState
 .text.LTDC_SetConfig
                0x08007814      0x2ec ./Drivers/STM32F7xx_HAL_Driver/Src/stm32f7xx_hal_ltdc.o
 .text.HAL_PWR_EnableBkUpAccess
                0x08007b00       0x20 ./Drivers/STM32F7xx_HAL_Driver/Src/stm32f7xx_hal_pwr.o
                0x08007b00                HAL_PWR_EnableBkUpAccess
 .text.HAL_PWREx_EnableOverDrive
                0x08007b20       0xa0 ./Drivers/STM32F7xx_HAL_Driver/Src/stm32f7xx_hal_pwr_ex.o
                0x08007b20                HAL_PWREx_EnableOverDrive
 .text.HAL_RCC_OscConfig
                0x08007bc0      0x548 ./Drivers/STM32F7xx_HAL_Driver/Src/stm32f7xx_hal_rcc.o
                0x08007bc0                HAL_RCC_OscConfig
 .text.HAL_RCC_ClockConfig
                0x08008108      0x1d8 ./Drivers/STM32F7xx_HAL_Driver/Src/stm32f7xx_hal_rcc.o
                0x08008108                HAL_RCC_ClockConfig
 .text.HAL_RCC_GetSysClockFreq
                0x080082e0      0x18c ./Drivers/STM32F7xx_HAL_Driver/Src/stm32f7xx_hal_rcc.o
                0x080082e0                HAL_RCC_GetSysClockFreq
 .text.HAL_RCC_GetHCLKFreq
                0x0800846c       0x18 ./Drivers/STM32F7xx_HAL_Driver/Src/stm32f7xx_hal_rcc.o
                0x0800846c                HAL_RCC_GetHCLKFreq
 .text.HAL_RCC_GetPCLK1Freq
                0x08008484       0x28 ./Drivers/STM32F7xx_HAL_Driver/Src/stm32f7xx_hal_rcc.o
                0x08008484                HAL_RCC_GetPCLK1Freq
 .text.HAL_RCC_GetPCLK2Freq
                0x080084ac       0x28 ./Drivers/STM32F7xx_HAL_Driver/Src/stm32f7xx_hal_rcc.o
                0x080084ac                HAL_RCC_GetPCLK2Freq
 .text.HAL_RCC_GetClockConfig
                0x080084d4       0x64 ./Drivers/STM32F7xx_HAL_Driver/Src/stm32f7xx_hal_rcc.o
                0x080084d4                HAL_RCC_GetClockConfig
 .text.HAL_RCCEx_PeriphCLKConfig
                0x08008538      0x7e0 ./Drivers/STM32F7xx_HAL_Driver/Src/stm32f7xx_hal_rcc_ex.o
                0x08008538                HAL_RCCEx_PeriphCLKConfig
 .text.HAL_RTC_Init
                0x08008d18      0x104 ./Drivers/STM32F7xx_HAL_Driver/Src/stm32f7xx_hal_rtc.o
                0x08008d18                HAL_RTC_Init
 .text.HAL_RTC_SetTime
                0x08008e1c      0x134 ./Drivers/STM32F7xx_HAL_Driver/Src/stm32f7xx_hal_rtc.o
                0x08008e1c                HAL_RTC_SetTime
 .text.HAL_RTC_SetDate
                0x08008f50      0x108 ./Drivers/STM32F7xx_HAL_Driver/Src/stm32f7xx_hal_rtc.o
                0x08008f50                HAL_RTC_SetDate
 .text.HAL_RTC_SetAlarm
                0x08009058      0x254 ./Drivers/STM32F7xx_HAL_Driver/Src/stm32f7xx_hal_rtc.o
                0x08009058                HAL_RTC_SetAlarm
 .text.HAL_RTC_WaitForSynchro
                0x080092ac       0x4c ./Drivers/STM32F7xx_HAL_Driver/Src/stm32f7xx_hal_rtc.o
                0x080092ac                HAL_RTC_WaitForSynchro
 .text.RTC_EnterInitMode
                0x080092f8       0x6e ./Drivers/STM32F7xx_HAL_Driver/Src/stm32f7xx_hal_rtc.o
                0x080092f8                RTC_EnterInitMode
 .text.RTC_ExitInitMode
                0x08009366       0x4a ./Drivers/STM32F7xx_HAL_Driver/Src/stm32f7xx_hal_rtc.o
                0x08009366                RTC_ExitInitMode
 .text.RTC_ByteToBcd2
                0x080093b0       0x3c ./Drivers/STM32F7xx_HAL_Driver/Src/stm32f7xx_hal_rtc.o
                0x080093b0                RTC_ByteToBcd2
 .text.HAL_RTCEx_SetTimeStamp
                0x080093ec       0xd0 ./Drivers/STM32F7xx_HAL_Driver/Src/stm32f7xx_hal_rtc_ex.o
                0x080093ec                HAL_RTCEx_SetTimeStamp
 .text.HAL_SDRAM_Init
                0x080094bc       0x68 ./Drivers/STM32F7xx_HAL_Driver/Src/stm32f7xx_hal_sdram.o
                0x080094bc                HAL_SDRAM_Init
 .text.HAL_SDRAM_SendCommand
                0x08009524       0x6a ./Drivers/STM32F7xx_HAL_Driver/Src/stm32f7xx_hal_sdram.o
                0x08009524                HAL_SDRAM_SendCommand
 .text.HAL_SDRAM_ProgramRefreshRate
                0x0800958e       0x50 ./Drivers/STM32F7xx_HAL_Driver/Src/stm32f7xx_hal_sdram.o
                0x0800958e                HAL_SDRAM_ProgramRefreshRate
 .text.HAL_SPI_Init
                0x080095de      0x156 ./Drivers/STM32F7xx_HAL_Driver/Src/stm32f7xx_hal_spi.o
                0x080095de                HAL_SPI_Init
 .text.HAL_TIM_Base_Init
                0x08009734       0xae ./Drivers/STM32F7xx_HAL_Driver/Src/stm32f7xx_hal_tim.o
                0x08009734                HAL_TIM_Base_Init
 *fill*         0x080097e2        0x2 
 .text.HAL_TIM_Base_Start_IT
                0x080097e4       0xf0 ./Drivers/STM32F7xx_HAL_Driver/Src/stm32f7xx_hal_tim.o
                0x080097e4                HAL_TIM_Base_Start_IT
 .text.HAL_TIM_IRQHandler
                0x080098d4      0x20e ./Drivers/STM32F7xx_HAL_Driver/Src/stm32f7xx_hal_tim.o
                0x080098d4                HAL_TIM_IRQHandler
 *fill*         0x08009ae2        0x2 
 .text.HAL_TIM_ConfigClockSource
                0x08009ae4      0x194 ./Drivers/STM32F7xx_HAL_Driver/Src/stm32f7xx_hal_tim.o
                0x08009ae4                HAL_TIM_ConfigClockSource
 .text.HAL_TIM_OC_DelayElapsedCallback
                0x08009c78       0x14 ./Drivers/STM32F7xx_HAL_Driver/Src/stm32f7xx_hal_tim.o
                0x08009c78                HAL_TIM_OC_DelayElapsedCallback
 .text.HAL_TIM_IC_CaptureCallback
                0x08009c8c       0x14 ./Drivers/STM32F7xx_HAL_Driver/Src/stm32f7xx_hal_tim.o
                0x08009c8c                HAL_TIM_IC_CaptureCallback
 .text.HAL_TIM_PWM_PulseFinishedCallback
                0x08009ca0       0x14 ./Drivers/STM32F7xx_HAL_Driver/Src/stm32f7xx_hal_tim.o
                0x08009ca0                HAL_TIM_PWM_PulseFinishedCallback
 .text.HAL_TIM_TriggerCallback
                0x08009cb4       0x14 ./Drivers/STM32F7xx_HAL_Driver/Src/stm32f7xx_hal_tim.o
                0x08009cb4                HAL_TIM_TriggerCallback
 .text.TIM_Base_SetConfig
                0x08009cc8      0x14c ./Drivers/STM32F7xx_HAL_Driver/Src/stm32f7xx_hal_tim.o
                0x08009cc8                TIM_Base_SetConfig
 .text.TIM_TI1_ConfigInputStage
                0x08009e14       0x5e ./Drivers/STM32F7xx_HAL_Driver/Src/stm32f7xx_hal_tim.o
 .text.TIM_TI2_ConfigInputStage
                0x08009e72       0x60 ./Drivers/STM32F7xx_HAL_Driver/Src/stm32f7xx_hal_tim.o
 .text.TIM_ITRx_SetConfig
                0x08009ed2       0x36 ./Drivers/STM32F7xx_HAL_Driver/Src/stm32f7xx_hal_tim.o
 .text.TIM_ETR_SetConfig
                0x08009f08       0x40 ./Drivers/STM32F7xx_HAL_Driver/Src/stm32f7xx_hal_tim.o
                0x08009f08                TIM_ETR_SetConfig
 .text.HAL_TIMEx_MasterConfigSynchronization
                0x08009f48      0x11c ./Drivers/STM32F7xx_HAL_Driver/Src/stm32f7xx_hal_tim_ex.o
                0x08009f48                HAL_TIMEx_MasterConfigSynchronization
 .text.HAL_TIMEx_CommutCallback
                0x0800a064       0x14 ./Drivers/STM32F7xx_HAL_Driver/Src/stm32f7xx_hal_tim_ex.o
                0x0800a064                HAL_TIMEx_CommutCallback
 .text.HAL_TIMEx_BreakCallback
                0x0800a078       0x14 ./Drivers/STM32F7xx_HAL_Driver/Src/stm32f7xx_hal_tim_ex.o
                0x0800a078                HAL_TIMEx_BreakCallback
 .text.HAL_TIMEx_Break2Callback
                0x0800a08c       0x14 ./Drivers/STM32F7xx_HAL_Driver/Src/stm32f7xx_hal_tim_ex.o
                0x0800a08c                HAL_TIMEx_Break2Callback
 .text.HAL_UART_Init
                0x0800a0a0       0x9c ./Drivers/STM32F7xx_HAL_Driver/Src/stm32f7xx_hal_uart.o
                0x0800a0a0                HAL_UART_Init
 .text.UART_SetConfig
                0x0800a13c      0x4c8 ./Drivers/STM32F7xx_HAL_Driver/Src/stm32f7xx_hal_uart.o
                0x0800a13c                UART_SetConfig
 .text.UART_AdvFeatureConfig
                0x0800a604      0x144 ./Drivers/STM32F7xx_HAL_Driver/Src/stm32f7xx_hal_uart.o
                0x0800a604                UART_AdvFeatureConfig
 .text.UART_CheckIdleState
                0x0800a748       0xae ./Drivers/STM32F7xx_HAL_Driver/Src/stm32f7xx_hal_uart.o
                0x0800a748                UART_CheckIdleState
 .text.UART_WaitOnFlagUntilTimeout
                0x0800a7f6       0xda ./Drivers/STM32F7xx_HAL_Driver/Src/stm32f7xx_hal_uart.o
                0x0800a7f6                UART_WaitOnFlagUntilTimeout
 .text.UART_EndRxTransfer
                0x0800a8d0       0xc8 ./Drivers/STM32F7xx_HAL_Driver/Src/stm32f7xx_hal_uart.o
 .text.FMC_SDRAM_Init
                0x0800a998       0xb8 ./Drivers/STM32F7xx_HAL_Driver/Src/stm32f7xx_ll_fmc.o
                0x0800a998                FMC_SDRAM_Init
 .text.FMC_SDRAM_Timing_Init
                0x0800aa50       0xd4 ./Drivers/STM32F7xx_HAL_Driver/Src/stm32f7xx_ll_fmc.o
                0x0800aa50                FMC_SDRAM_Timing_Init
 .text.FMC_SDRAM_SendCommand
                0x0800ab24       0x48 ./Drivers/STM32F7xx_HAL_Driver/Src/stm32f7xx_ll_fmc.o
                0x0800ab24                FMC_SDRAM_SendCommand
 .text.FMC_SDRAM_ProgramRefreshRate
                0x0800ab6c       0x30 ./Drivers/STM32F7xx_HAL_Driver/Src/stm32f7xx_ll_fmc.o
                0x0800ab6c                FMC_SDRAM_ProgramRefreshRate
 .text.makeFreeRtosPriority
                0x0800ab9c       0x30 ./Middlewares/Third_Party/FreeRTOS/Source/CMSIS_RTOS/cmsis_os.o
 .text.inHandlerMode
                0x0800abcc       0x24 ./Middlewares/Third_Party/FreeRTOS/Source/CMSIS_RTOS/cmsis_os.o
 .text.osKernelStart
                0x0800abf0        0xe ./Middlewares/Third_Party/FreeRTOS/Source/CMSIS_RTOS/cmsis_os.o
                0x0800abf0                osKernelStart
 .text.osThreadCreate
                0x0800abfe       0x98 ./Middlewares/Third_Party/FreeRTOS/Source/CMSIS_RTOS/cmsis_os.o
                0x0800abfe                osThreadCreate
 .text.osDelay  0x0800ac96       0x28 ./Middlewares/Third_Party/FreeRTOS/Source/CMSIS_RTOS/cmsis_os.o
                0x0800ac96                osDelay
 .text.osMessageCreate
                0x0800acbe       0x50 ./Middlewares/Third_Party/FreeRTOS/Source/CMSIS_RTOS/cmsis_os.o
                0x0800acbe                osMessageCreate
 *fill*         0x0800ad0e        0x2 
 .text.osMessagePut
                0x0800ad10       0x80 ./Middlewares/Third_Party/FreeRTOS/Source/CMSIS_RTOS/cmsis_os.o
                0x0800ad10                osMessagePut
 .text.osMessageGet
                0x0800ad90       0xe8 ./Middlewares/Third_Party/FreeRTOS/Source/CMSIS_RTOS/cmsis_os.o
                0x0800ad90                osMessageGet
 .text.vListInitialise
                0x0800ae78       0x40 ./Middlewares/Third_Party/FreeRTOS/Source/list.o
                0x0800ae78                vListInitialise
 .text.vListInitialiseItem
                0x0800aeb8       0x1a ./Middlewares/Third_Party/FreeRTOS/Source/list.o
                0x0800aeb8                vListInitialiseItem
 .text.vListInsertEnd
                0x0800aed2       0x48 ./Middlewares/Third_Party/FreeRTOS/Source/list.o
                0x0800aed2                vListInsertEnd
 .text.vListInsert
                0x0800af1a       0x72 ./Middlewares/Third_Party/FreeRTOS/Source/list.o
                0x0800af1a                vListInsert
 .text.uxListRemove
                0x0800af8c       0x54 ./Middlewares/Third_Party/FreeRTOS/Source/list.o
                0x0800af8c                uxListRemove
 .text.xQueueGenericReset
                0x0800afe0       0xd8 ./Middlewares/Third_Party/FreeRTOS/Source/queue.o
                0x0800afe0                xQueueGenericReset
 .text.xQueueGenericCreateStatic
                0x0800b0b8      0x10e ./Middlewares/Third_Party/FreeRTOS/Source/queue.o
                0x0800b0b8                xQueueGenericCreateStatic
 .text.xQueueGenericCreate
                0x0800b1c6       0x86 ./Middlewares/Third_Party/FreeRTOS/Source/queue.o
                0x0800b1c6                xQueueGenericCreate
 .text.prvInitialiseNewQueue
                0x0800b24c       0x3e ./Middlewares/Third_Party/FreeRTOS/Source/queue.o
 *fill*         0x0800b28a        0x2 
 .text.xQueueGenericSend
                0x0800b28c      0x214 ./Middlewares/Third_Party/FreeRTOS/Source/queue.o
                0x0800b28c                xQueueGenericSend
 .text.xQueueGenericSendFromISR
                0x0800b4a0      0x146 ./Middlewares/Third_Party/FreeRTOS/Source/queue.o
                0x0800b4a0                xQueueGenericSendFromISR
 *fill*         0x0800b5e6        0x2 
 .text.xQueueReceive
                0x0800b5e8      0x1d0 ./Middlewares/Third_Party/FreeRTOS/Source/queue.o
                0x0800b5e8                xQueueReceive
 .text.xQueueReceiveFromISR
                0x0800b7b8      0x110 ./Middlewares/Third_Party/FreeRTOS/Source/queue.o
                0x0800b7b8                xQueueReceiveFromISR
 .text.prvCopyDataToQueue
                0x0800b8c8       0xd4 ./Middlewares/Third_Party/FreeRTOS/Source/queue.o
 .text.prvCopyDataFromQueue
                0x0800b99c       0x4c ./Middlewares/Third_Party/FreeRTOS/Source/queue.o
 .text.prvUnlockQueue
                0x0800b9e8       0xa4 ./Middlewares/Third_Party/FreeRTOS/Source/queue.o
 .text.prvIsQueueEmpty
                0x0800ba8c       0x2c ./Middlewares/Third_Party/FreeRTOS/Source/queue.o
 .text.prvIsQueueFull
                0x0800bab8       0x30 ./Middlewares/Third_Party/FreeRTOS/Source/queue.o
 .text.xTaskCreateStatic
                0x0800bae8       0xcc ./Middlewares/Third_Party/FreeRTOS/Source/tasks.o
                0x0800bae8                xTaskCreateStatic
 .text.xTaskCreate
                0x0800bbb4       0x8a ./Middlewares/Third_Party/FreeRTOS/Source/tasks.o
                0x0800bbb4                xTaskCreate
 *fill*         0x0800bc3e        0x2 
 .text.prvInitialiseNewTask
                0x0800bc40      0x144 ./Middlewares/Third_Party/FreeRTOS/Source/tasks.o
 .text.prvAddNewTaskToReadyList
                0x0800bd84       0xd4 ./Middlewares/Third_Party/FreeRTOS/Source/tasks.o
 .text.vTaskDelay
                0x0800be58       0x70 ./Middlewares/Third_Party/FreeRTOS/Source/tasks.o
                0x0800be58                vTaskDelay
 .text.vTaskStartScheduler
                0x0800bec8       0xdc ./Middlewares/Third_Party/FreeRTOS/Source/tasks.o
                0x0800bec8                vTaskStartScheduler
 .text.vTaskSuspendAll
                0x0800bfa4       0x1c ./Middlewares/Third_Party/FreeRTOS/Source/tasks.o
                0x0800bfa4                vTaskSuspendAll
 .text.xTaskResumeAll
                0x0800bfc0      0x140 ./Middlewares/Third_Party/FreeRTOS/Source/tasks.o
                0x0800bfc0                xTaskResumeAll
 .text.xTaskIncrementTick
                0x0800c100      0x178 ./Middlewares/Third_Party/FreeRTOS/Source/tasks.o
                0x0800c100                xTaskIncrementTick
 .text.vTaskSwitchContext
                0x0800c278       0xcc ./Middlewares/Third_Party/FreeRTOS/Source/tasks.o
                0x0800c278                vTaskSwitchContext
 .text.vTaskPlaceOnEventList
                0x0800c344       0x50 ./Middlewares/Third_Party/FreeRTOS/Source/tasks.o
                0x0800c344                vTaskPlaceOnEventList
 .text.xTaskRemoveFromEventList
                0x0800c394       0xcc ./Middlewares/Third_Party/FreeRTOS/Source/tasks.o
                0x0800c394                xTaskRemoveFromEventList
 .text.vTaskInternalSetTimeOutState
                0x0800c460       0x2c ./Middlewares/Third_Party/FreeRTOS/Source/tasks.o
                0x0800c460                vTaskInternalSetTimeOutState
 .text.xTaskCheckForTimeOut
                0x0800c48c       0xd0 ./Middlewares/Third_Party/FreeRTOS/Source/tasks.o
                0x0800c48c                xTaskCheckForTimeOut
 .text.vTaskMissedYield
                0x0800c55c       0x18 ./Middlewares/Third_Party/FreeRTOS/Source/tasks.o
                0x0800c55c                vTaskMissedYield
 .text.prvIdleTask
                0x0800c574       0x30 ./Middlewares/Third_Party/FreeRTOS/Source/tasks.o
 .text.prvInitialiseTaskLists
                0x0800c5a4       0x80 ./Middlewares/Third_Party/FreeRTOS/Source/tasks.o
 .text.prvCheckTasksWaitingTermination
                0x0800c624       0x5c ./Middlewares/Third_Party/FreeRTOS/Source/tasks.o
 .text.prvDeleteTCB
                0x0800c680       0x6e ./Middlewares/Third_Party/FreeRTOS/Source/tasks.o
 *fill*         0x0800c6ee        0x2 
 .text.prvResetNextTaskUnblockTime
                0x0800c6f0       0x40 ./Middlewares/Third_Party/FreeRTOS/Source/tasks.o
 .text.xTaskGetSchedulerState
                0x0800c730       0x3c ./Middlewares/Third_Party/FreeRTOS/Source/tasks.o
                0x0800c730                xTaskGetSchedulerState
 .text.xTaskPriorityDisinherit
                0x0800c76c      0x118 ./Middlewares/Third_Party/FreeRTOS/Source/tasks.o
                0x0800c76c                xTaskPriorityDisinherit
 .text.prvAddCurrentTaskToDelayedList
                0x0800c884       0xcc ./Middlewares/Third_Party/FreeRTOS/Source/tasks.o
 .text.pxPortInitialiseStack
                0x0800c950       0x68 ./Middlewares/Third_Party/FreeRTOS/Source/portable/GCC/ARM_CM7/r0p1/port.o
                0x0800c950                pxPortInitialiseStack
 .text.prvTaskExitError
                0x0800c9b8       0x64 ./Middlewares/Third_Party/FreeRTOS/Source/portable/GCC/ARM_CM7/r0p1/port.o
 *fill*         0x0800ca1c        0x4 
 .text.SVC_Handler
                0x0800ca20       0x28 ./Middlewares/Third_Party/FreeRTOS/Source/portable/GCC/ARM_CM7/r0p1/port.o
                0x0800ca20                SVC_Handler
 .text.prvPortStartFirstTask
                0x0800ca48       0x28 ./Middlewares/Third_Party/FreeRTOS/Source/portable/GCC/ARM_CM7/r0p1/port.o
 .text.xPortStartScheduler
                0x0800ca70       0xfc ./Middlewares/Third_Party/FreeRTOS/Source/portable/GCC/ARM_CM7/r0p1/port.o
                0x0800ca70                xPortStartScheduler
 .text.vPortEnterCritical
                0x0800cb6c       0x6c ./Middlewares/Third_Party/FreeRTOS/Source/portable/GCC/ARM_CM7/r0p1/port.o
                0x0800cb6c                vPortEnterCritical
 .text.vPortExitCritical
                0x0800cbd8       0x58 ./Middlewares/Third_Party/FreeRTOS/Source/portable/GCC/ARM_CM7/r0p1/port.o
                0x0800cbd8                vPortExitCritical
 .text.PendSV_Handler
                0x0800cc30       0x68 ./Middlewares/Third_Party/FreeRTOS/Source/portable/GCC/ARM_CM7/r0p1/port.o
                0x0800cc30                PendSV_Handler
 .text.SysTick_Handler
                0x0800cc98       0x48 ./Middlewares/Third_Party/FreeRTOS/Source/portable/GCC/ARM_CM7/r0p1/port.o
                0x0800cc98                SysTick_Handler
 .text.vPortSetupTimerInterrupt
                0x0800cce0       0x48 ./Middlewares/Third_Party/FreeRTOS/Source/portable/GCC/ARM_CM7/r0p1/port.o
                0x0800cce0                vPortSetupTimerInterrupt
 .text.vPortEnableVFP
                0x0800cd28       0x14 ./Middlewares/Third_Party/FreeRTOS/Source/portable/GCC/ARM_CM7/r0p1/port.o
 .text.vPortValidateInterruptPriority
                0x0800cd3c       0x8c ./Middlewares/Third_Party/FreeRTOS/Source/portable/GCC/ARM_CM7/r0p1/port.o
                0x0800cd3c                vPortValidateInterruptPriority
 .text.pvPortMalloc
                0x0800cdc8      0x19c ./Middlewares/Third_Party/FreeRTOS/Source/portable/MemMang/heap_4.o
                0x0800cdc8                pvPortMalloc
 .text.vPortFree
                0x0800cf64       0xc0 ./Middlewares/Third_Party/FreeRTOS/Source/portable/MemMang/heap_4.o
                0x0800cf64                vPortFree
 .text.prvHeapInit
                0x0800d024       0xc4 ./Middlewares/Third_Party/FreeRTOS/Source/portable/MemMang/heap_4.o
 .text.prvInsertBlockIntoFreeList
                0x0800d0e8       0xb4 ./Middlewares/Third_Party/FreeRTOS/Source/portable/MemMang/heap_4.o
 .text.memset   0x0800d19c       0x10 /opt/st/stm32cubeide_1.17.0/plugins/com.st.stm32cube.ide.mcu.externaltools.gnu-tools-for-stm32.12.3.rel1.linux64_1.1.0.202410170702/tools/bin/../lib/gcc/arm-none-eabi/12.3.1/../../../../arm-none-eabi/lib/thumb/v7e-m+fp/hard/libc_nano.a(libc_a-memset.o)
                0x0800d19c                memset
 .text._reclaim_reent
                0x0800d1ac       0xac /opt/st/stm32cubeide_1.17.0/plugins/com.st.stm32cube.ide.mcu.externaltools.gnu-tools-for-stm32.12.3.rel1.linux64_1.1.0.202410170702/tools/bin/../lib/gcc/arm-none-eabi/12.3.1/../../../../arm-none-eabi/lib/thumb/v7e-m+fp/hard/libc_nano.a(libc_a-reent.o)
                0x0800d1ac                _reclaim_reent
 .text.__libc_init_array
                0x0800d258       0x48 /opt/st/stm32cubeide_1.17.0/plugins/com.st.stm32cube.ide.mcu.externaltools.gnu-tools-for-stm32.12.3.rel1.linux64_1.1.0.202410170702/tools/bin/../lib/gcc/arm-none-eabi/12.3.1/../../../../arm-none-eabi/lib/thumb/v7e-m+fp/hard/libc_nano.a(libc_a-init.o)
                0x0800d258                __libc_init_array
 .text.__retarget_lock_acquire_recursive
                0x0800d2a0        0x2 /opt/st/stm32cubeide_1.17.0/plugins/com.st.stm32cube.ide.mcu.externaltools.gnu-tools-for-stm32.12.3.rel1.linux64_1.1.0.202410170702/tools/bin/../lib/gcc/arm-none-eabi/12.3.1/../../../../arm-none-eabi/lib/thumb/v7e-m+fp/hard/libc_nano.a(libc_a-lock.o)
                0x0800d2a0                __retarget_lock_acquire_recursive
 .text.__retarget_lock_release_recursive
                0x0800d2a2        0x2 /opt/st/stm32cubeide_1.17.0/plugins/com.st.stm32cube.ide.mcu.externaltools.gnu-tools-for-stm32.12.3.rel1.linux64_1.1.0.202410170702/tools/bin/../lib/gcc/arm-none-eabi/12.3.1/../../../../arm-none-eabi/lib/thumb/v7e-m+fp/hard/libc_nano.a(libc_a-lock.o)
                0x0800d2a2                __retarget_lock_release_recursive
 .text.memcpy   0x0800d2a4       0x1c /opt/st/stm32cubeide_1.17.0/plugins/com.st.stm32cube.ide.mcu.externaltools.gnu-tools-for-stm32.12.3.rel1.linux64_1.1.0.202410170702/tools/bin/../lib/gcc/arm-none-eabi/12.3.1/../../../../arm-none-eabi/lib/thumb/v7e-m+fp/hard/libc_nano.a(libc_a-memcpy-stub.o)
                0x0800d2a4                memcpy
 .text._free_r  0x0800d2c0       0x94 /opt/st/stm32cubeide_1.17.0/plugins/com.st.stm32cube.ide.mcu.externaltools.gnu-tools-for-stm32.12.3.rel1.linux64_1.1.0.202410170702/tools/bin/../lib/gcc/arm-none-eabi/12.3.1/../../../../arm-none-eabi/lib/thumb/v7e-m+fp/hard/libc_nano.a(libc_a-freer.o)
                0x0800d2c0                _free_r
 .text.__malloc_lock
                0x0800d354        0xc /opt/st/stm32cubeide_1.17.0/plugins/com.st.stm32cube.ide.mcu.externaltools.gnu-tools-for-stm32.12.3.rel1.linux64_1.1.0.202410170702/tools/bin/../lib/gcc/arm-none-eabi/12.3.1/../../../../arm-none-eabi/lib/thumb/v7e-m+fp/hard/libc_nano.a(libc_a-mlock.o)
                0x0800d354                __malloc_lock
 .text.__malloc_unlock
                0x0800d360        0xc /opt/st/stm32cubeide_1.17.0/plugins/com.st.stm32cube.ide.mcu.externaltools.gnu-tools-for-stm32.12.3.rel1.linux64_1.1.0.202410170702/tools/bin/../lib/gcc/arm-none-eabi/12.3.1/../../../../arm-none-eabi/lib/thumb/v7e-m+fp/hard/libc_nano.a(libc_a-mlock.o)
                0x0800d360                __malloc_unlock
 *(.glue_7)
 .glue_7        0x0800d36c        0x0 linker stubs
 *(.glue_7t)
 .glue_7t       0x0800d36c        0x0 linker stubs
 *(.eh_frame)
 .eh_frame      0x0800d36c        0x0 /opt/st/stm32cubeide_1.17.0/plugins/com.st.stm32cube.ide.mcu.externaltools.gnu-tools-for-stm32.12.3.rel1.linux64_1.1.0.202410170702/tools/bin/../lib/gcc/arm-none-eabi/12.3.1/thumb/v7e-m+fp/hard/crtbegin.o
 *(.init)
 .init          0x0800d36c        0x4 /opt/st/stm32cubeide_1.17.0/plugins/com.st.stm32cube.ide.mcu.externaltools.gnu-tools-for-stm32.12.3.rel1.linux64_1.1.0.202410170702/tools/bin/../lib/gcc/arm-none-eabi/12.3.1/thumb/v7e-m+fp/hard/crti.o
                0x0800d36c                _init
 .init          0x0800d370        0x8 /opt/st/stm32cubeide_1.17.0/plugins/com.st.stm32cube.ide.mcu.externaltools.gnu-tools-for-stm32.12.3.rel1.linux64_1.1.0.202410170702/tools/bin/../lib/gcc/arm-none-eabi/12.3.1/thumb/v7e-m+fp/hard/crtn.o
 *(.fini)
 .fini          0x0800d378        0x4 /opt/st/stm32cubeide_1.17.0/plugins/com.st.stm32cube.ide.mcu.externaltools.gnu-tools-for-stm32.12.3.rel1.linux64_1.1.0.202410170702/tools/bin/../lib/gcc/arm-none-eabi/12.3.1/thumb/v7e-m+fp/hard/crti.o
                0x0800d378                _fini
 .fini          0x0800d37c        0x8 /opt/st/stm32cubeide_1.17.0/plugins/com.st.stm32cube.ide.mcu.externaltools.gnu-tools-for-stm32.12.3.rel1.linux64_1.1.0.202410170702/tools/bin/../lib/gcc/arm-none-eabi/12.3.1/thumb/v7e-m+fp/hard/crtn.o
                0x0800d384                        . = ALIGN (0x4)
                0x0800d384                        _etext = .

.vfp11_veneer   0x0800d384        0x0
 .vfp11_veneer  0x0800d384        0x0 linker stubs

.v4_bx          0x0800d384        0x0
 .v4_bx         0x0800d384        0x0 linker stubs

.iplt           0x0800d384        0x0
 .iplt          0x0800d384        0x0 /opt/st/stm32cubeide_1.17.0/plugins/com.st.stm32cube.ide.mcu.externaltools.gnu-tools-for-stm32.12.3.rel1.linux64_1.1.0.202410170702/tools/bin/../lib/gcc/arm-none-eabi/12.3.1/thumb/v7e-m+fp/hard/crtbegin.o

.rodata         0x0800d384    0x41c9c
                0x0800d384                        . = ALIGN (0x4)
 *(.rodata)
 .rodata        0x0800d384       0xfe ./Core/Src/freertos.o
 *fill*         0x0800d482        0x2 
 .rodata        0x0800d484        0x5 ./Middlewares/Third_Party/FreeRTOS/Source/tasks.o
 *(.rodata*)
 *fill*         0x0800d489        0x3 
 .rodata.hanabi_bmp
                0x0800d48c    0x3fc46 ./Core/Src/freertos.o
                0x0800d48c                hanabi_bmp
 *fill*         0x0804d0d2        0x2 
 .rodata.Font24_Table
                0x0804d0d4     0x1ab8 ./Core/Src/stm32746g_discovery_lcd.o
                0x0804d0d4                Font24_Table
 .rodata.Font12_Table
                0x0804eb8c      0x474 ./Core/Src/stm32746g_discovery_lcd.o
                0x0804eb8c                Font12_Table
 .rodata.AHBPrescTable
                0x0804f000       0x10 ./Core/Src/system_stm32f7xx.o
                0x0804f000                AHBPrescTable
 .rodata.APBPrescTable
                0x0804f010        0x8 ./Core/Src/system_stm32f7xx.o
                0x0804f010                APBPrescTable
 .rodata.flagBitshiftOffset.0
                0x0804f018        0x8 ./Drivers/STM32F7xx_HAL_Driver/Src/stm32f7xx_hal_dma.o
                0x0804f020                        . = ALIGN (0x4)

.ARM.extab      0x0804f020        0x0
                0x0804f020                        . = ALIGN (0x4)
 *(.ARM.extab* .gnu.linkonce.armextab.*)
                0x0804f020                        . = ALIGN (0x4)

.ARM            0x0804f020        0x8
                0x0804f020                        . = ALIGN (0x4)
                0x0804f020                        __exidx_start = .
 *(.ARM.exidx*)
 .ARM.exidx     0x0804f020        0x8 /opt/st/stm32cubeide_1.17.0/plugins/com.st.stm32cube.ide.mcu.externaltools.gnu-tools-for-stm32.12.3.rel1.linux64_1.1.0.202410170702/tools/bin/../lib/gcc/arm-none-eabi/12.3.1/thumb/v7e-m+fp/hard/libgcc.a(_udivmoddi4.o)
                0x0804f028                        __exidx_end = .
                0x0804f028                        . = ALIGN (0x4)

.preinit_array  0x0804f028        0x0
                0x0804f028                        . = ALIGN (0x4)
                0x0804f028                        PROVIDE (__preinit_array_start = .)
 *(.preinit_array*)
                0x0804f028                        PROVIDE (__preinit_array_end = .)
                0x0804f028                        . = ALIGN (0x4)

.init_array     0x0804f028        0x4
                0x0804f028                        . = ALIGN (0x4)
                0x0804f028                        PROVIDE (__init_array_start = .)
 *(SORT_BY_NAME(.init_array.*))
 *(.init_array*)
 .init_array    0x0804f028        0x4 /opt/st/stm32cubeide_1.17.0/plugins/com.st.stm32cube.ide.mcu.externaltools.gnu-tools-for-stm32.12.3.rel1.linux64_1.1.0.202410170702/tools/bin/../lib/gcc/arm-none-eabi/12.3.1/thumb/v7e-m+fp/hard/crtbegin.o
                0x0804f02c                        PROVIDE (__init_array_end = .)
                0x0804f02c                        . = ALIGN (0x4)

.fini_array     0x0804f02c        0x4
                0x0804f02c                        . = ALIGN (0x4)
                [!provide]                        PROVIDE (__fini_array_start = .)
 *(SORT_BY_NAME(.fini_array.*))
 *(.fini_array*)
 .fini_array    0x0804f02c        0x4 /opt/st/stm32cubeide_1.17.0/plugins/com.st.stm32cube.ide.mcu.externaltools.gnu-tools-for-stm32.12.3.rel1.linux64_1.1.0.202410170702/tools/bin/../lib/gcc/arm-none-eabi/12.3.1/thumb/v7e-m+fp/hard/crtbegin.o
                [!provide]                        PROVIDE (__fini_array_end = .)
                0x0804f030                        . = ALIGN (0x4)
                0x0804f030                        _sidata = LOADADDR (.data)

.rel.dyn        0x0804f030        0x0
 .rel.iplt      0x0804f030        0x0 /opt/st/stm32cubeide_1.17.0/plugins/com.st.stm32cube.ide.mcu.externaltools.gnu-tools-for-stm32.12.3.rel1.linux64_1.1.0.202410170702/tools/bin/../lib/gcc/arm-none-eabi/12.3.1/thumb/v7e-m+fp/hard/crtbegin.o

.data           0x20000000       0x9c load address 0x0804f030
                0x20000000                        . = ALIGN (0x4)
                0x20000000                        _sdata = .
 *(.data)
 *(.data*)
 .data.ft5336_ts_drv
                0x20000000       0x28 ./Core/Src/ft5336.o
                0x20000000                ft5336_ts_drv
 .data.Font24   0x20000028        0x8 ./Core/Src/stm32746g_discovery_lcd.o
                0x20000028                Font24
 .data.Font12   0x20000030        0x8 ./Core/Src/stm32746g_discovery_lcd.o
                0x20000030                Font12
 .data.sdramstatus.3
                0x20000038        0x1 ./Core/Src/stm32746g_discovery_sdram.o
 *fill*         0x20000039        0x3 
 .data.SystemCoreClock
                0x2000003c        0x4 ./Core/Src/system_stm32f7xx.o
                0x2000003c                SystemCoreClock
 .data.uwTickPrio
                0x20000040        0x4 ./Drivers/STM32F7xx_HAL_Driver/Src/stm32f7xx_hal.o
                0x20000040                uwTickPrio
 .data.uwTickFreq
                0x20000044        0x1 ./Drivers/STM32F7xx_HAL_Driver/Src/stm32f7xx_hal.o
                0x20000044                uwTickFreq
 *fill*         0x20000045        0x3 
 .data.uxCriticalNesting
                0x20000048        0x4 ./Middlewares/Third_Party/FreeRTOS/Source/portable/GCC/ARM_CM7/r0p1/port.o
 .data._impure_ptr
                0x2000004c        0x4 /opt/st/stm32cubeide_1.17.0/plugins/com.st.stm32cube.ide.mcu.externaltools.gnu-tools-for-stm32.12.3.rel1.linux64_1.1.0.202410170702/tools/bin/../lib/gcc/arm-none-eabi/12.3.1/../../../../arm-none-eabi/lib/thumb/v7e-m+fp/hard/libc_nano.a(libc_a-impure.o)
                0x2000004c                _impure_ptr
 .data._impure_data
                0x20000050       0x4c /opt/st/stm32cubeide_1.17.0/plugins/com.st.stm32cube.ide.mcu.externaltools.gnu-tools-for-stm32.12.3.rel1.linux64_1.1.0.202410170702/tools/bin/../lib/gcc/arm-none-eabi/12.3.1/../../../../arm-none-eabi/lib/thumb/v7e-m+fp/hard/libc_nano.a(libc_a-impure.o)
                0x20000050                _impure_data
 *(.RamFunc)
 *(.RamFunc*)
                0x2000009c                        . = ALIGN (0x4)
                0x2000009c                        _edata = .

.igot.plt       0x2000009c        0x0 load address 0x0804f0cc
 .igot.plt      0x2000009c        0x0 /opt/st/stm32cubeide_1.17.0/plugins/com.st.stm32cube.ide.mcu.externaltools.gnu-tools-for-stm32.12.3.rel1.linux64_1.1.0.202410170702/tools/bin/../lib/gcc/arm-none-eabi/12.3.1/thumb/v7e-m+fp/hard/crtbegin.o
                0x2000009c                        . = ALIGN (0x4)

.bss            0x2000009c     0x4abc load address 0x0804f0cc
                0x2000009c                        _sbss = .
                0x2000009c                        __bss_start__ = _sbss
 *(.bss)
 .bss           0x2000009c       0x1c /opt/st/stm32cubeide_1.17.0/plugins/com.st.stm32cube.ide.mcu.externaltools.gnu-tools-for-stm32.12.3.rel1.linux64_1.1.0.202410170702/tools/bin/../lib/gcc/arm-none-eabi/12.3.1/thumb/v7e-m+fp/hard/crtbegin.o
 *(.bss*)
 .bss.hadc1     0x200000b8       0x48 ./Core/Src/adc.o
                0x200000b8                hadc1
 .bss.hadc3     0x20000100       0x48 ./Core/Src/adc.o
                0x20000100                hadc3
 .bss.hdac      0x20000148       0x14 ./Core/Src/dac.o
                0x20000148                hdac
 .bss.hdma2d    0x2000015c       0x40 ./Core/Src/dma2d.o
                0x2000015c                hdma2d
 .bss.hsdram1   0x2000019c       0x34 ./Core/Src/fmc.o
                0x2000019c                hsdram1
 .bss.FMC_Initialized
                0x200001d0        0x4 ./Core/Src/fmc.o
 .bss.state     0x200001d4        0x1 ./Core/Src/freertos.o
                0x200001d4                state
 *fill*         0x200001d5        0x3 
 .bss.TS_State  0x200001d8       0x2c ./Core/Src/freertos.o
 .bss.defaultTaskHandle
                0x20000204        0x4 ./Core/Src/freertos.o
                0x20000204                defaultTaskHandle
 .bss.displayTaskHandle
                0x20000208        0x4 ./Core/Src/freertos.o
                0x20000208                displayTaskHandle
 .bss.touchTaskHandle
                0x2000020c        0x4 ./Core/Src/freertos.o
                0x2000020c                touchTaskHandle
 .bss.stateTaskHandle
                0x20000210        0x4 ./Core/Src/freertos.o
                0x20000210                stateTaskHandle
 .bss.displayQueueHandle
                0x20000214        0x4 ./Core/Src/freertos.o
                0x20000214                displayQueueHandle
 .bss.touchQueueHandle
                0x20000218        0x4 ./Core/Src/freertos.o
                0x20000218                touchQueueHandle
 .bss.xIdleTaskTCBBuffer
                0x2000021c       0xa0 ./Core/Src/freertos.o
 .bss.xIdleStack
                0x200002bc      0x200 ./Core/Src/freertos.o
 .bss.ft5336_handle
                0x200004bc        0x3 ./Core/Src/ft5336.o
 *fill*         0x200004bf        0x1 
 .bss.coord.0   0x200004c0        0x2 ./Core/Src/ft5336.o
 *fill*         0x200004c2        0x2 
 .bss.hi2c1     0x200004c4       0x54 ./Core/Src/i2c.o
                0x200004c4                hi2c1
 .bss.hi2c3     0x20000518       0x54 ./Core/Src/i2c.o
                0x20000518                hi2c3
 .bss.hltdc     0x2000056c       0xa8 ./Core/Src/ltdc.o
                0x2000056c                hltdc
 .bss.hrtc      0x20000614       0x20 ./Core/Src/rtc.o
                0x20000614                hrtc
 .bss.hspi2     0x20000634       0x64 ./Core/Src/spi.o
                0x20000634                hspi2
 .bss.hI2cAudioHandler
                0x20000698       0x54 ./Core/Src/stm32746g_discovery.o
 .bss.hLtdcHandler
                0x200006ec       0xa8 ./Core/Src/stm32746g_discovery_lcd.o
                0x200006ec                hLtdcHandler
 .bss.hDma2dHandler
                0x20000794       0x40 ./Core/Src/stm32746g_discovery_lcd.o
 .bss.ActiveLayer
                0x200007d4        0x4 ./Core/Src/stm32746g_discovery_lcd.o
 .bss.DrawProp  0x200007d8       0x18 ./Core/Src/stm32746g_discovery_lcd.o
 .bss.periph_clk_init_struct.0
                0x200007f0       0x84 ./Core/Src/stm32746g_discovery_lcd.o
 .bss.sdramHandle
                0x20000874       0x34 ./Core/Src/stm32746g_discovery_sdram.o
                0x20000874                sdramHandle
 .bss.Timing    0x200008a8       0x1c ./Core/Src/stm32746g_discovery_sdram.o
 .bss.Command   0x200008c4       0x10 ./Core/Src/stm32746g_discovery_sdram.o
 .bss.dma_handle.1
                0x200008d4       0x60 ./Core/Src/stm32746g_discovery_sdram.o
 .bss.tsDriver  0x20000934        0x4 ./Core/Src/stm32746g_discovery_ts.o
 .bss.tsXBoundary
                0x20000938        0x2 ./Core/Src/stm32746g_discovery_ts.o
 .bss.tsYBoundary
                0x2000093a        0x2 ./Core/Src/stm32746g_discovery_ts.o
 .bss.tsOrientation
                0x2000093c        0x1 ./Core/Src/stm32746g_discovery_ts.o
 .bss.I2cAddress
                0x2000093d        0x1 ./Core/Src/stm32746g_discovery_ts.o
 *fill*         0x2000093e        0x2 
 .bss._x.1      0x20000940       0x14 ./Core/Src/stm32746g_discovery_ts.o
 .bss._y.0      0x20000954       0x14 ./Core/Src/stm32746g_discovery_ts.o
 .bss.htim6     0x20000968       0x4c ./Core/Src/stm32f7xx_hal_timebase_tim.o
                0x20000968                htim6
 .bss.htim1     0x200009b4       0x4c ./Core/Src/tim.o
                0x200009b4                htim1
 .bss.htim2     0x20000a00       0x4c ./Core/Src/tim.o
                0x20000a00                htim2
 .bss.htim3     0x20000a4c       0x4c ./Core/Src/tim.o
                0x20000a4c                htim3
 .bss.htim5     0x20000a98       0x4c ./Core/Src/tim.o
                0x20000a98                htim5
 .bss.htim8     0x20000ae4       0x4c ./Core/Src/tim.o
                0x20000ae4                htim8
 .bss.huart7    0x20000b30       0x88 ./Core/Src/usart.o
                0x20000b30                huart7
 .bss.huart1    0x20000bb8       0x88 ./Core/Src/usart.o
                0x20000bb8                huart1
 .bss.huart6    0x20000c40       0x88 ./Core/Src/usart.o
                0x20000c40                huart6
 .bss.uwTick    0x20000cc8        0x4 ./Drivers/STM32F7xx_HAL_Driver/Src/stm32f7xx_hal.o
                0x20000cc8                uwTick
 .bss.pxCurrentTCB
                0x20000ccc        0x4 ./Middlewares/Third_Party/FreeRTOS/Source/tasks.o
                0x20000ccc                pxCurrentTCB
 .bss.pxReadyTasksLists
                0x20000cd0       0x8c ./Middlewares/Third_Party/FreeRTOS/Source/tasks.o
 .bss.xDelayedTaskList1
                0x20000d5c       0x14 ./Middlewares/Third_Party/FreeRTOS/Source/tasks.o
 .bss.xDelayedTaskList2
                0x20000d70       0x14 ./Middlewares/Third_Party/FreeRTOS/Source/tasks.o
 .bss.pxDelayedTaskList
                0x20000d84        0x4 ./Middlewares/Third_Party/FreeRTOS/Source/tasks.o
 .bss.pxOverflowDelayedTaskList
                0x20000d88        0x4 ./Middlewares/Third_Party/FreeRTOS/Source/tasks.o
 .bss.xPendingReadyList
                0x20000d8c       0x14 ./Middlewares/Third_Party/FreeRTOS/Source/tasks.o
 .bss.xTasksWaitingTermination
                0x20000da0       0x14 ./Middlewares/Third_Party/FreeRTOS/Source/tasks.o
 .bss.uxDeletedTasksWaitingCleanUp
                0x20000db4        0x4 ./Middlewares/Third_Party/FreeRTOS/Source/tasks.o
 .bss.xSuspendedTaskList
                0x20000db8       0x14 ./Middlewares/Third_Party/FreeRTOS/Source/tasks.o
 .bss.uxCurrentNumberOfTasks
                0x20000dcc        0x4 ./Middlewares/Third_Party/FreeRTOS/Source/tasks.o
 .bss.xTickCount
                0x20000dd0        0x4 ./Middlewares/Third_Party/FreeRTOS/Source/tasks.o
 .bss.uxTopReadyPriority
                0x20000dd4        0x4 ./Middlewares/Third_Party/FreeRTOS/Source/tasks.o
 .bss.xSchedulerRunning
                0x20000dd8        0x4 ./Middlewares/Third_Party/FreeRTOS/Source/tasks.o
 .bss.uxPendedTicks
                0x20000ddc        0x4 ./Middlewares/Third_Party/FreeRTOS/Source/tasks.o
 .bss.xYieldPending
                0x20000de0        0x4 ./Middlewares/Third_Party/FreeRTOS/Source/tasks.o
 .bss.xNumOfOverflows
                0x20000de4        0x4 ./Middlewares/Third_Party/FreeRTOS/Source/tasks.o
 .bss.uxTaskNumber
                0x20000de8        0x4 ./Middlewares/Third_Party/FreeRTOS/Source/tasks.o
 .bss.xNextTaskUnblockTime
                0x20000dec        0x4 ./Middlewares/Third_Party/FreeRTOS/Source/tasks.o
 .bss.xIdleTaskHandle
                0x20000df0        0x4 ./Middlewares/Third_Party/FreeRTOS/Source/tasks.o
 .bss.uxSchedulerSuspended
                0x20000df4        0x4 ./Middlewares/Third_Party/FreeRTOS/Source/tasks.o
 .bss.ucMaxSysCallPriority
                0x20000df8        0x1 ./Middlewares/Third_Party/FreeRTOS/Source/portable/GCC/ARM_CM7/r0p1/port.o
 *fill*         0x20000df9        0x3 
 .bss.ulMaxPRIGROUPValue
                0x20000dfc        0x4 ./Middlewares/Third_Party/FreeRTOS/Source/portable/GCC/ARM_CM7/r0p1/port.o
 .bss.ucHeap    0x20000e00     0x3c00 ./Middlewares/Third_Party/FreeRTOS/Source/portable/MemMang/heap_4.o
 .bss.xStart    0x20004a00        0x8 ./Middlewares/Third_Party/FreeRTOS/Source/portable/MemMang/heap_4.o
 .bss.pxEnd     0x20004a08        0x4 ./Middlewares/Third_Party/FreeRTOS/Source/portable/MemMang/heap_4.o
 .bss.xFreeBytesRemaining
                0x20004a0c        0x4 ./Middlewares/Third_Party/FreeRTOS/Source/portable/MemMang/heap_4.o
 .bss.xMinimumEverFreeBytesRemaining
                0x20004a10        0x4 ./Middlewares/Third_Party/FreeRTOS/Source/portable/MemMang/heap_4.o
 .bss.xBlockAllocatedBit
                0x20004a14        0x4 ./Middlewares/Third_Party/FreeRTOS/Source/portable/MemMang/heap_4.o
 .bss.__sf      0x20004a18      0x138 /opt/st/stm32cubeide_1.17.0/plugins/com.st.stm32cube.ide.mcu.externaltools.gnu-tools-for-stm32.12.3.rel1.linux64_1.1.0.202410170702/tools/bin/../lib/gcc/arm-none-eabi/12.3.1/../../../../arm-none-eabi/lib/thumb/v7e-m+fp/hard/libc_nano.a(libc_a-findfp.o)
                0x20004a18                __sf
 .bss.__lock___malloc_recursive_mutex
                0x20004b50        0x1 /opt/st/stm32cubeide_1.17.0/plugins/com.st.stm32cube.ide.mcu.externaltools.gnu-tools-for-stm32.12.3.rel1.linux64_1.1.0.202410170702/tools/bin/../lib/gcc/arm-none-eabi/12.3.1/../../../../arm-none-eabi/lib/thumb/v7e-m+fp/hard/libc_nano.a(libc_a-lock.o)
                0x20004b50                __lock___malloc_recursive_mutex
 *fill*         0x20004b51        0x3 
 .bss.__malloc_free_list
                0x20004b54        0x4 /opt/st/stm32cubeide_1.17.0/plugins/com.st.stm32cube.ide.mcu.externaltools.gnu-tools-for-stm32.12.3.rel1.linux64_1.1.0.202410170702/tools/bin/../lib/gcc/arm-none-eabi/12.3.1/../../../../arm-none-eabi/lib/thumb/v7e-m+fp/hard/libc_nano.a(libc_a-mallocr.o)
                0x20004b54                __malloc_free_list
 *(COMMON)
                0x20004b58                        . = ALIGN (0x4)
                0x20004b58                        _ebss = .
                0x20004b58                        __bss_end__ = _ebss

._user_heap_stack
                0x20004b58      0x600 load address 0x0804f0cc
                0x20004b58                        . = ALIGN (0x8)
                [!provide]                        PROVIDE (end = .)
                0x20004b58                        PROVIDE (_end = .)
                0x20004d58                        . = (. + _Min_Heap_Size)
 *fill*         0x20004b58      0x200 
                0x20005158                        . = (. + _Min_Stack_Size)
 *fill*         0x20004d58      0x400 
                0x20005158                        . = ALIGN (0x8)

/DISCARD/
 libc.a(*)
 libm.a(*)
 libgcc.a(*)

.ARM.attributes
                0x00000000       0x30
 *(.ARM.attributes)
 .ARM.attributes
                0x00000000       0x22 /opt/st/stm32cubeide_1.17.0/plugins/com.st.stm32cube.ide.mcu.externaltools.gnu-tools-for-stm32.12.3.rel1.linux64_1.1.0.202410170702/tools/bin/../lib/gcc/arm-none-eabi/12.3.1/thumb/v7e-m+fp/hard/crti.o
 .ARM.attributes
                0x00000022       0x34 /opt/st/stm32cubeide_1.17.0/plugins/com.st.stm32cube.ide.mcu.externaltools.gnu-tools-for-stm32.12.3.rel1.linux64_1.1.0.202410170702/tools/bin/../lib/gcc/arm-none-eabi/12.3.1/thumb/v7e-m+fp/hard/crtbegin.o
 .ARM.attributes
                0x00000056       0x34 ./Core/Src/adc.o
 .ARM.attributes
                0x0000008a       0x34 ./Core/Src/dac.o
 .ARM.attributes
                0x000000be       0x34 ./Core/Src/dma2d.o
 .ARM.attributes
                0x000000f2       0x34 ./Core/Src/fmc.o
 .ARM.attributes
                0x00000126       0x34 ./Core/Src/freertos.o
 .ARM.attributes
                0x0000015a       0x34 ./Core/Src/ft5336.o
 .ARM.attributes
                0x0000018e       0x34 ./Core/Src/gpio.o
 .ARM.attributes
                0x000001c2       0x34 ./Core/Src/i2c.o
 .ARM.attributes
                0x000001f6       0x34 ./Core/Src/ltdc.o
 .ARM.attributes
                0x0000022a       0x34 ./Core/Src/main.o
 .ARM.attributes
                0x0000025e       0x34 ./Core/Src/rtc.o
 .ARM.attributes
                0x00000292       0x34 ./Core/Src/spi.o
 .ARM.attributes
                0x000002c6       0x34 ./Core/Src/stm32746g_discovery.o
 .ARM.attributes
                0x000002fa       0x34 ./Core/Src/stm32746g_discovery_lcd.o
 .ARM.attributes
                0x0000032e       0x34 ./Core/Src/stm32746g_discovery_sdram.o
 .ARM.attributes
                0x00000362       0x34 ./Core/Src/stm32746g_discovery_ts.o
 .ARM.attributes
                0x00000396       0x34 ./Core/Src/stm32f7xx_hal_msp.o
 .ARM.attributes
                0x000003ca       0x34 ./Core/Src/stm32f7xx_hal_timebase_tim.o
 .ARM.attributes
                0x000003fe       0x34 ./Core/Src/stm32f7xx_it.o
 .ARM.attributes
                0x00000432       0x34 ./Core/Src/system_stm32f7xx.o
 .ARM.attributes
                0x00000466       0x34 ./Core/Src/tim.o
 .ARM.attributes
                0x0000049a       0x34 ./Core/Src/usart.o
 .ARM.attributes
                0x000004ce       0x21 ./Core/Startup/startup_stm32f746nghx.o
 .ARM.attributes
                0x000004ef       0x34 ./Drivers/STM32F7xx_HAL_Driver/Src/stm32f7xx_hal.o
 .ARM.attributes
                0x00000523       0x34 ./Drivers/STM32F7xx_HAL_Driver/Src/stm32f7xx_hal_adc.o
 .ARM.attributes
                0x00000557       0x34 ./Drivers/STM32F7xx_HAL_Driver/Src/stm32f7xx_hal_cortex.o
 .ARM.attributes
                0x0000058b       0x34 ./Drivers/STM32F7xx_HAL_Driver/Src/stm32f7xx_hal_dac.o
 .ARM.attributes
                0x000005bf       0x34 ./Drivers/STM32F7xx_HAL_Driver/Src/stm32f7xx_hal_dac_ex.o
 .ARM.attributes
                0x000005f3       0x34 ./Drivers/STM32F7xx_HAL_Driver/Src/stm32f7xx_hal_dma.o
 .ARM.attributes
                0x00000627       0x34 ./Drivers/STM32F7xx_HAL_Driver/Src/stm32f7xx_hal_dma2d.o
 .ARM.attributes
                0x0000065b       0x34 ./Drivers/STM32F7xx_HAL_Driver/Src/stm32f7xx_hal_gpio.o
 .ARM.attributes
                0x0000068f       0x34 ./Drivers/STM32F7xx_HAL_Driver/Src/stm32f7xx_hal_i2c.o
 .ARM.attributes
                0x000006c3       0x34 ./Drivers/STM32F7xx_HAL_Driver/Src/stm32f7xx_hal_i2c_ex.o
 .ARM.attributes
                0x000006f7       0x34 ./Drivers/STM32F7xx_HAL_Driver/Src/stm32f7xx_hal_ltdc.o
 .ARM.attributes
                0x0000072b       0x34 ./Drivers/STM32F7xx_HAL_Driver/Src/stm32f7xx_hal_pwr.o
 .ARM.attributes
                0x0000075f       0x34 ./Drivers/STM32F7xx_HAL_Driver/Src/stm32f7xx_hal_pwr_ex.o
 .ARM.attributes
                0x00000793       0x34 ./Drivers/STM32F7xx_HAL_Driver/Src/stm32f7xx_hal_rcc.o
 .ARM.attributes
                0x000007c7       0x34 ./Drivers/STM32F7xx_HAL_Driver/Src/stm32f7xx_hal_rcc_ex.o
 .ARM.attributes
                0x000007fb       0x34 ./Drivers/STM32F7xx_HAL_Driver/Src/stm32f7xx_hal_rtc.o
 .ARM.attributes
                0x0000082f       0x34 ./Drivers/STM32F7xx_HAL_Driver/Src/stm32f7xx_hal_rtc_ex.o
 .ARM.attributes
                0x00000863       0x34 ./Drivers/STM32F7xx_HAL_Driver/Src/stm32f7xx_hal_sdram.o
 .ARM.attributes
                0x00000897       0x34 ./Drivers/STM32F7xx_HAL_Driver/Src/stm32f7xx_hal_spi.o
 .ARM.attributes
                0x000008cb       0x34 ./Drivers/STM32F7xx_HAL_Driver/Src/stm32f7xx_hal_tim.o
 .ARM.attributes
                0x000008ff       0x34 ./Drivers/STM32F7xx_HAL_Driver/Src/stm32f7xx_hal_tim_ex.o
 .ARM.attributes
                0x00000933       0x34 ./Drivers/STM32F7xx_HAL_Driver/Src/stm32f7xx_hal_uart.o
 .ARM.attributes
                0x00000967       0x34 ./Drivers/STM32F7xx_HAL_Driver/Src/stm32f7xx_ll_fmc.o
 .ARM.attributes
                0x0000099b       0x34 ./Middlewares/Third_Party/FreeRTOS/Source/CMSIS_RTOS/cmsis_os.o
 .ARM.attributes
                0x000009cf       0x34 ./Middlewares/Third_Party/FreeRTOS/Source/list.o
 .ARM.attributes
                0x00000a03       0x34 ./Middlewares/Third_Party/FreeRTOS/Source/queue.o
 .ARM.attributes
                0x00000a37       0x34 ./Middlewares/Third_Party/FreeRTOS/Source/tasks.o
 .ARM.attributes
                0x00000a6b       0x34 ./Middlewares/Third_Party/FreeRTOS/Source/portable/GCC/ARM_CM7/r0p1/port.o
 .ARM.attributes
                0x00000a9f       0x34 ./Middlewares/Third_Party/FreeRTOS/Source/portable/MemMang/heap_4.o
 .ARM.attributes
                0x00000ad3       0x34 /opt/st/stm32cubeide_1.17.0/plugins/com.st.stm32cube.ide.mcu.externaltools.gnu-tools-for-stm32.12.3.rel1.linux64_1.1.0.202410170702/tools/bin/../lib/gcc/arm-none-eabi/12.3.1/../../../../arm-none-eabi/lib/thumb/v7e-m+fp/hard/libc_nano.a(libc_a-findfp.o)
 .ARM.attributes
                0x00000b07       0x34 /opt/st/stm32cubeide_1.17.0/plugins/com.st.stm32cube.ide.mcu.externaltools.gnu-tools-for-stm32.12.3.rel1.linux64_1.1.0.202410170702/tools/bin/../lib/gcc/arm-none-eabi/12.3.1/../../../../arm-none-eabi/lib/thumb/v7e-m+fp/hard/libc_nano.a(libc_a-memset.o)
 .ARM.attributes
                0x00000b3b       0x34 /opt/st/stm32cubeide_1.17.0/plugins/com.st.stm32cube.ide.mcu.externaltools.gnu-tools-for-stm32.12.3.rel1.linux64_1.1.0.202410170702/tools/bin/../lib/gcc/arm-none-eabi/12.3.1/../../../../arm-none-eabi/lib/thumb/v7e-m+fp/hard/libc_nano.a(libc_a-reent.o)
 .ARM.attributes
                0x00000b6f       0x34 /opt/st/stm32cubeide_1.17.0/plugins/com.st.stm32cube.ide.mcu.externaltools.gnu-tools-for-stm32.12.3.rel1.linux64_1.1.0.202410170702/tools/bin/../lib/gcc/arm-none-eabi/12.3.1/../../../../arm-none-eabi/lib/thumb/v7e-m+fp/hard/libc_nano.a(libc_a-impure.o)
 .ARM.attributes
                0x00000ba3       0x34 /opt/st/stm32cubeide_1.17.0/plugins/com.st.stm32cube.ide.mcu.externaltools.gnu-tools-for-stm32.12.3.rel1.linux64_1.1.0.202410170702/tools/bin/../lib/gcc/arm-none-eabi/12.3.1/../../../../arm-none-eabi/lib/thumb/v7e-m+fp/hard/libc_nano.a(libc_a-init.o)
 .ARM.attributes
                0x00000bd7       0x34 /opt/st/stm32cubeide_1.17.0/plugins/com.st.stm32cube.ide.mcu.externaltools.gnu-tools-for-stm32.12.3.rel1.linux64_1.1.0.202410170702/tools/bin/../lib/gcc/arm-none-eabi/12.3.1/../../../../arm-none-eabi/lib/thumb/v7e-m+fp/hard/libc_nano.a(libc_a-lock.o)
 .ARM.attributes
                0x00000c0b       0x34 /opt/st/stm32cubeide_1.17.0/plugins/com.st.stm32cube.ide.mcu.externaltools.gnu-tools-for-stm32.12.3.rel1.linux64_1.1.0.202410170702/tools/bin/../lib/gcc/arm-none-eabi/12.3.1/../../../../arm-none-eabi/lib/thumb/v7e-m+fp/hard/libc_nano.a(libc_a-memcpy-stub.o)
 .ARM.attributes
                0x00000c3f       0x34 /opt/st/stm32cubeide_1.17.0/plugins/com.st.stm32cube.ide.mcu.externaltools.gnu-tools-for-stm32.12.3.rel1.linux64_1.1.0.202410170702/tools/bin/../lib/gcc/arm-none-eabi/12.3.1/../../../../arm-none-eabi/lib/thumb/v7e-m+fp/hard/libc_nano.a(libc_a-freer.o)
 .ARM.attributes
                0x00000c73       0x34 /opt/st/stm32cubeide_1.17.0/plugins/com.st.stm32cube.ide.mcu.externaltools.gnu-tools-for-stm32.12.3.rel1.linux64_1.1.0.202410170702/tools/bin/../lib/gcc/arm-none-eabi/12.3.1/../../../../arm-none-eabi/lib/thumb/v7e-m+fp/hard/libc_nano.a(libc_a-mallocr.o)
 .ARM.attributes
                0x00000ca7       0x34 /opt/st/stm32cubeide_1.17.0/plugins/com.st.stm32cube.ide.mcu.externaltools.gnu-tools-for-stm32.12.3.rel1.linux64_1.1.0.202410170702/tools/bin/../lib/gcc/arm-none-eabi/12.3.1/../../../../arm-none-eabi/lib/thumb/v7e-m+fp/hard/libc_nano.a(libc_a-mlock.o)
 .ARM.attributes
                0x00000cdb       0x22 /opt/st/stm32cubeide_1.17.0/plugins/com.st.stm32cube.ide.mcu.externaltools.gnu-tools-for-stm32.12.3.rel1.linux64_1.1.0.202410170702/tools/bin/../lib/gcc/arm-none-eabi/12.3.1/thumb/v7e-m+fp/hard/libgcc.a(_arm_muldf3.o)
 .ARM.attributes
                0x00000cfd       0x22 /opt/st/stm32cubeide_1.17.0/plugins/com.st.stm32cube.ide.mcu.externaltools.gnu-tools-for-stm32.12.3.rel1.linux64_1.1.0.202410170702/tools/bin/../lib/gcc/arm-none-eabi/12.3.1/thumb/v7e-m+fp/hard/libgcc.a(_arm_addsubdf3.o)
 .ARM.attributes
                0x00000d1f       0x22 /opt/st/stm32cubeide_1.17.0/plugins/com.st.stm32cube.ide.mcu.externaltools.gnu-tools-for-stm32.12.3.rel1.linux64_1.1.0.202410170702/tools/bin/../lib/gcc/arm-none-eabi/12.3.1/thumb/v7e-m+fp/hard/libgcc.a(_arm_fixunsdfsi.o)
 .ARM.attributes
                0x00000d41       0x22 /opt/st/stm32cubeide_1.17.0/plugins/com.st.stm32cube.ide.mcu.externaltools.gnu-tools-for-stm32.12.3.rel1.linux64_1.1.0.202410170702/tools/bin/../lib/gcc/arm-none-eabi/12.3.1/thumb/v7e-m+fp/hard/libgcc.a(_aeabi_uldivmod.o)
 .ARM.attributes
                0x00000d63       0x34 /opt/st/stm32cubeide_1.17.0/plugins/com.st.stm32cube.ide.mcu.externaltools.gnu-tools-for-stm32.12.3.rel1.linux64_1.1.0.202410170702/tools/bin/../lib/gcc/arm-none-eabi/12.3.1/thumb/v7e-m+fp/hard/libgcc.a(_udivmoddi4.o)
 .ARM.attributes
                0x00000d97       0x22 /opt/st/stm32cubeide_1.17.0/plugins/com.st.stm32cube.ide.mcu.externaltools.gnu-tools-for-stm32.12.3.rel1.linux64_1.1.0.202410170702/tools/bin/../lib/gcc/arm-none-eabi/12.3.1/thumb/v7e-m+fp/hard/libgcc.a(_dvmd_tls.o)
 .ARM.attributes